2025-12-03 23:56:04,201 INFO [enhanced_png_special]                 Book.java:562  | 1 sheet in C:\Dev\Balik-Suling-Updated-FreelanceProject-main\backend\omr-out\1764777357156\enhanced_png_special.tiff
2025-12-03 23:56:04,434 INFO []                 Book.java:2531 | Stored /book.xml
2025-12-03 23:56:04,434 INFO []                 Book.java:2491 | Book stored as C:\Dev\Balik-Suling-Updated-FreelanceProject-main\backend\omr-out\1764777357156\enhanced_png_special.omr
2025-12-03 23:56:04,445 INFO []                 Book.java:1933 | Book reaching PAGE on sheets:[#1]
2025-12-03 23:56:04,448 INFO [enhanced_png_special]       StepMonitoring.java:98   | LOAD
2025-12-03 23:56:04,643 INFO [enhanced_png_special]            SheetStub.java:1273 | Loaded image #1 3300x4271 from C:\Dev\Balik-Suling-Updated-FreelanceProject-main\backend\omr-out\1764777357156\enhanced_png_special.tiff
2025-12-03 23:56:04,647 INFO [enhanced_png_special]            ImageUtil.java:124  | Converting max RGB to gray
2025-12-03 23:56:04,941 INFO [enhanced_png_special]       StepMonitoring.java:98   | BINARY
2025-12-03 23:56:06,259 INFO [enhanced_png_special]       StepMonitoring.java:98   | SCALE
2025-12-03 23:56:06,306 INFO [enhanced_png_special]         ScaleBuilder.java:241  | Beam  guessed height: 14 -- 0.50 of 28 interline
2025-12-03 23:56:06,308 INFO [enhanced_png_special]         ScaleBuilder.java:264  | Beam measured height:  9 -- 0.05 of [8..28] range at 641% of needed quorum
2025-12-03 23:56:06,309 INFO [enhanced_png_special]            ScaleStep.java:65   | Scale{ interline(27,28,30) line(5,6,8) beam(9)}
2025-12-03 23:56:06,311 INFO [enhanced_png_special]       StepMonitoring.java:98   | GRID
2025-12-03 23:56:07,410 INFO [enhanced_png_special]       LinesRetriever.java:1500 | Global slope: 0.00000
2025-12-03 23:56:07,488 INFO [enhanced_png_special]    ClustersRetriever.java:328  | Retrieved raw line clusters: 10 of sizes [5] with interline(27,28,30)
2025-12-03 23:56:08,240 INFO [enhanced_png_special]            PeakGraph.java:310  | Systems: #1[1, 2] #2[3, 4] #3[5, 6] #4[7, 8] #5[9, 10]
2025-12-03 23:56:09,333 INFO [enhanced_png_special]        SystemManager.java:779  | 1 part along 5 systems
2025-12-03 23:56:09,335 INFO [enhanced_png_special]                 Book.java:545  | Created scores: [{Score 1}]
2025-12-03 23:56:09,336 INFO [enhanced_png_special]       StepMonitoring.java:98   | HEADERS
2025-12-03 23:56:09,828 INFO []      BasicClassifier.java:277  | Classifier loaded XML norms.
2025-12-03 23:56:09,835 INFO []   AbstractClassifier.java:396  | Classifier data loaded from default uri jar:file:/C:/Program%20Files/Audiveris/app/audiveris.jar!/res/basic-classifier.zip
2025-12-03 23:56:12,606 INFO [enhanced_png_special]       StepMonitoring.java:98   | STEM_SEEDS
2025-12-03 23:56:12,761 INFO [enhanced_png_special]        StemSeedsStep.java:86   | stem(8 max:9)
2025-12-03 23:56:12,972 INFO [enhanced_png_special]       StepMonitoring.java:98   | BEAMS
2025-12-03 23:56:19,991 INFO [enhanced_png_special]       StepMonitoring.java:98   | LEDGERS
2025-12-03 23:56:20,372 INFO [enhanced_png_special]       StepMonitoring.java:98   | HEADS
2025-12-03 23:56:41,157 INFO [enhanced_png_special]        HeadSeedTally.java:235  | Scale information: HeadSeeds{NOTEHEAD_VOID[L:-0.1] NOTEHEAD_BLACK[L:-2.4,R:-2.5]}
2025-12-03 23:56:41,159 INFO [enhanced_png_special]       StepMonitoring.java:98   | STEMS
2025-12-03 23:56:43,701 INFO [enhanced_png_special]       StepMonitoring.java:98   | REDUCTION
2025-12-03 23:56:43,970 INFO [enhanced_png_special]        ReductionStep.java:105  | Stems free length median value: 95 pixels, 3.4 interlines
2025-12-03 23:56:43,984 INFO [enhanced_png_special]       StepMonitoring.java:98   | CUE_BEAMS
2025-12-03 23:56:43,984 INFO [enhanced_png_special]         CueBeamsStep.java:81   | Step CUE_BEAMS is skipped because small heads switch is off
2025-12-03 23:56:43,985 INFO [enhanced_png_special]       StepMonitoring.java:98   | TEXTS
2025-12-03 23:56:45,452 INFO [enhanced_png_special]       StepMonitoring.java:98   | MEASURES
2025-12-03 23:56:45,476 INFO [enhanced_png_special]                 Page.java:307  | 28 raw measures: [7 in system#1, 5 in system#2, 5 in system#3, 4 in system#4, 7 in system#5]
2025-12-03 23:56:45,476 INFO [enhanced_png_special]       StepMonitoring.java:98   | CHORDS
2025-12-03 23:56:45,518 INFO [enhanced_png_special]       StepMonitoring.java:98   | CURVES
2025-12-03 23:56:48,380 INFO [enhanced_png_special]         SlursBuilder.java:240  | Slurs: 10
2025-12-03 23:56:48,482 INFO [enhanced_png_special]      SegmentsBuilder.java:155  | Segments: 50
2025-12-03 23:56:48,525 INFO [enhanced_png_special]       StepMonitoring.java:98   | SYMBOLS
2025-12-03 23:56:50,861 INFO [enhanced_png_special]       StepMonitoring.java:98   | LINKS
2025-12-03 23:56:50,976 INFO [enhanced_png_special]       StepMonitoring.java:98   | RHYTHMS
2025-12-03 23:56:51,051 INFO [enhanced_png_special]        MeasureRhythm.java:1045 | Measure{#6} No timeOffset for HeadChordInter#7218{(0.896/0.896) staff:1 slot#5 dur:1/4}
2025-12-03 23:56:51,052 INFO [enhanced_png_special]   AbstractChordInter.java:627  | Measure{#6} No timeOffset for HeadChordInter#7218{(0.896/0.896) staff:1 slot#5 dur:1/4}
2025-12-03 23:56:51,053 INFO [enhanced_png_special]        MeasureRhythm.java:1045 | Measure{#6} No timeOffset for HeadChordInter#7230{(0.951/0.951) staff:2 slot#6 dur:1/4}
2025-12-03 23:56:51,054 INFO [enhanced_png_special]                Voice.java:257  | Measure{#6} Voice{#1 excess:1/8} too long
2025-12-03 23:56:51,055 INFO [enhanced_png_special]          StackRhythm.java:224  | S1 MeasureStack#6 no correct rhythm
2025-12-03 23:56:51,059 INFO [enhanced_png_special]        MeasureRhythm.java:1045 | Measure{#7} No timeOffset for HeadChordInter#7233{(0.959/0.959) staff:2 slot#6 dur:1/4}
2025-12-03 23:56:51,060 INFO [enhanced_png_special]          StackRhythm.java:224  | S1 MeasureStack#7 no correct rhythm
2025-12-03 23:56:51,069 INFO [enhanced_png_special]        MeasureRhythm.java:1045 | Measure{#8} No timeOffset for HeadChordInter#7240{(0.899/0.899) staff:3 slot#5 dur:1/4}
2025-12-03 23:56:51,070 INFO [enhanced_png_special]   AbstractChordInter.java:627  | Measure{#8} No timeOffset for HeadChordInter#7240{(0.899/0.899) staff:3 slot#5 dur:1/4}
2025-12-03 23:56:51,071 INFO [enhanced_png_special]   AbstractChordInter.java:627  | Measure{#8} No timeOffset for HeadChordInter#7241{(0.937/0.937) staff:3 slot#6 dur:1/4}
2025-12-03 23:56:51,072 INFO [enhanced_png_special]        MeasureRhythm.java:1045 | Measure{#8} No timeOffset for HeadChordInter#7262{(0.961/0.961) staff:4 slot#7 dur:1/4}
2025-12-03 23:56:51,073 INFO [enhanced_png_special]   AbstractChordInter.java:627  | Measure{#8} No timeOffset for HeadChordInter#7242{(0.823/0.823) staff:3 slot#7 dur:1/4}
2025-12-03 23:56:51,074 INFO [enhanced_png_special]   AbstractChordInter.java:627  | Measure{#8} No timeOffset for HeadChordInter#7262{(0.961/0.961) staff:4 slot#7 dur:1/4}
2025-12-03 23:56:51,075 INFO [enhanced_png_special]                Voice.java:257  | Measure{#8} Voice{#1 excess:1/8} too long
2025-12-03 23:56:51,076 INFO [enhanced_png_special]          StackRhythm.java:224  | S2 MeasureStack#8 no correct rhythm
2025-12-03 23:56:51,101 INFO [enhanced_png_special]        MeasureRhythm.java:1045 | Measure{#14} No timeOffset for HeadChordInter#7301{(0.787/0.787) staff:6 slot#5 dur:3/8}
2025-12-03 23:56:51,102 INFO [enhanced_png_special]   AbstractChordInter.java:627  | Measure{#14} No timeOffset for HeadChordInter#7301{(0.787/0.787) staff:6 slot#5 dur:3/8}
2025-12-03 23:56:51,103 INFO [enhanced_png_special]   AbstractChordInter.java:627  | Measure{#14} No timeOffset for HeadChordInter#7302{(0.947/0.947) staff:6 slot#6 dur:1/4}
2025-12-03 23:56:51,104 INFO [enhanced_png_special]        MeasureRhythm.java:1045 | Measure{#14} No timeOffset for RestChordInter#7988{(0.799/0.799) staff:5 slot#7 dur:1/8}
2025-12-03 23:56:51,105 INFO [enhanced_png_special]   AbstractChordInter.java:627  | Measure{#14} No timeOffset for HeadChordInter#7303{(0.794/0.794) staff:6 slot#7 dur:3/8}
2025-12-03 23:56:51,105 INFO [enhanced_png_special]   AbstractChordInter.java:627  | Measure{#14} No timeOffset for RestChordInter#7988{(0.799/0.799) staff:5 slot#7 dur:1/8}
2025-12-03 23:56:51,106 INFO [enhanced_png_special]          StackRhythm.java:224  | S3 MeasureStack#14 no correct rhythm
2025-12-03 23:56:51,119 INFO [enhanced_png_special]        MeasureRhythm.java:1045 | Measure{#16} No timeOffset for HeadChordInter#7315{(0.963/0.963) staff:6 slot#5 dur:1/4}
2025-12-03 23:56:51,120 INFO [enhanced_png_special]   AbstractChordInter.java:627  | Measure{#16} No timeOffset for HeadChordInter#7315{(0.963/0.963) staff:6 slot#5 dur:1/4}
2025-12-03 23:56:51,121 INFO [enhanced_png_special]        MeasureRhythm.java:1045 | Measure{#16} No timeOffset for HeadChordInter#7286{(0.943/0.943) staff:5 slot#6 dur:1/4}
2025-12-03 23:56:51,122 INFO [enhanced_png_special]   AbstractChordInter.java:627  | Measure{#16} No timeOffset for HeadChordInter#7316{(0.930/0.930) staff:6 slot#6 dur:1/4}
2025-12-03 23:56:51,123 INFO [enhanced_png_special]   AbstractChordInter.java:627  | Measure{#16} No timeOffset for HeadChordInter#7286{(0.943/0.943) staff:5 slot#6 dur:1/4}
2025-12-03 23:56:51,124 INFO [enhanced_png_special]   AbstractChordInter.java:627  | Measure{#16} No timeOffset for HeadChordInter#7317{(0.955/0.955) staff:6 slot#7 dur:1/4}
2025-12-03 23:56:51,124 INFO [enhanced_png_special]   AbstractChordInter.java:627  | Measure{#16} No timeOffset for HeadChordInter#7286{(0.943/0.943) staff:5 slot#6 dur:1/4}
2025-12-03 23:56:51,125 INFO [enhanced_png_special]          StackRhythm.java:224  | S3 MeasureStack#16 no correct rhythm
2025-12-03 23:56:51,130 INFO [enhanced_png_special]        MeasureRhythm.java:1045 | Measure{#17} No timeOffset for HeadChordInter#7322{(0.936/0.936) staff:6 slot#5 dur:1/4}
2025-12-03 23:56:51,131 INFO [enhanced_png_special]   AbstractChordInter.java:627  | Measure{#17} No timeOffset for HeadChordInter#7322{(0.936/0.936) staff:6 slot#5 dur:1/4}
2025-12-03 23:56:51,131 INFO [enhanced_png_special]        MeasureRhythm.java:1045 | Measure{#17} No timeOffset for HeadChordInter#7290{(0.948/0.948) staff:5 slot#6 dur:1/4}
2025-12-03 23:56:51,133 INFO [enhanced_png_special]   AbstractChordInter.java:627  | Measure{#17} No timeOffset for HeadChordInter#7323{(0.960/0.960) staff:6 slot#6 dur:1/4}
2025-12-03 23:56:51,134 INFO [enhanced_png_special]   AbstractChordInter.java:627  | Measure{#17} No timeOffset for HeadChordInter#7290{(0.948/0.948) staff:5 slot#6 dur:1/4}
2025-12-03 23:56:51,135 INFO [enhanced_png_special]   AbstractChordInter.java:627  | Measure{#17} No timeOffset for HeadChordInter#7324{(0.930/0.930) staff:6 slot#7 dur:1/4}
2025-12-03 23:56:51,135 INFO [enhanced_png_special]   AbstractChordInter.java:627  | Measure{#17} No timeOffset for HeadChordInter#7290{(0.948/0.948) staff:5 slot#6 dur:1/4}
2025-12-03 23:56:51,136 INFO [enhanced_png_special]                Voice.java:257  | Measure{#17} Voice{#1 excess:1/8} too long
2025-12-03 23:56:51,137 INFO [enhanced_png_special]                Voice.java:257  | Measure{#17} Voice{#2 excess:1/8} too long
2025-12-03 23:56:51,138 INFO [enhanced_png_special]          StackRhythm.java:224  | S3 MeasureStack#17 no correct rhythm
2025-12-03 23:56:51,143 INFO [enhanced_png_special]        MeasureRhythm.java:1045 | Measure{#18} No timeOffset for HeadChordInter#7345{(0.942/0.942) staff:8 slot#6 dur:1/4}
2025-12-03 23:56:51,144 INFO [enhanced_png_special]   AbstractChordInter.java:627  | Measure{#18} No timeOffset for HeadChordInter#7345{(0.942/0.942) staff:8 slot#6 dur:1/4}
2025-12-03 23:56:51,145 INFO [enhanced_png_special]        MeasureRhythm.java:1045 | Measure{#18} No timeOffset for RestChordInter#8046{(0.715/0.715) staff:7 slot#7 dur:1/8}
2025-12-03 23:56:51,145 INFO [enhanced_png_special]   AbstractChordInter.java:627  | Measure{#18} No timeOffset for HeadChordInter#7346{(0.748/0.748) staff:8 slot#7 dur:3/8}
2025-12-03 23:56:51,146 INFO [enhanced_png_special]   AbstractChordInter.java:627  | Measure{#18} No timeOffset for RestChordInter#8046{(0.715/0.715) staff:7 slot#7 dur:1/8}
2025-12-03 23:56:51,147 INFO [enhanced_png_special]                Voice.java:257  | Measure{#18} Voice{#1 excess:1/8} too long
2025-12-03 23:56:51,148 INFO [enhanced_png_special]          StackRhythm.java:224  | S4 MeasureStack#18 no correct rhythm
2025-12-03 23:56:51,159 INFO [enhanced_png_special]                Voice.java:257  | Measure{#19} Voice{#6 excess:1/12} too long
2025-12-03 23:56:51,161 INFO [enhanced_png_special]          StackRhythm.java:224  | S4 MeasureStack#19 no correct rhythm
2025-12-03 23:56:51,167 INFO [enhanced_png_special]        MeasureRhythm.java:1045 | Measure{#20} No timeOffset for HeadChordInter#7359{(0.953/0.953) staff:8 slot#5 dur:1/4}
2025-12-03 23:56:51,168 INFO [enhanced_png_special]   AbstractChordInter.java:627  | Measure{#20} No timeOffset for HeadChordInter#7359{(0.953/0.953) staff:8 slot#5 dur:1/4}
2025-12-03 23:56:51,170 INFO [enhanced_png_special]        MeasureRhythm.java:1045 | Measure{#20} No timeOffset for HeadChordInter#7335{(0.942/0.942) staff:7 slot#6 dur:1/4}
2025-12-03 23:56:51,170 INFO [enhanced_png_special]   AbstractChordInter.java:627  | Measure{#20} No timeOffset for HeadChordInter#7360{(0.938/0.938) staff:8 slot#6 dur:1/4}
2025-12-03 23:56:51,171 INFO [enhanced_png_special]   AbstractChordInter.java:627  | Measure{#20} No timeOffset for HeadChordInter#7335{(0.942/0.942) staff:7 slot#6 dur:1/4}
2025-12-03 23:56:51,171 INFO [enhanced_png_special]   AbstractChordInter.java:627  | Measure{#20} No timeOffset for HeadChordInter#7361{(0.963/0.963) staff:8 slot#7 dur:1/4}
2025-12-03 23:56:51,172 INFO [enhanced_png_special]   AbstractChordInter.java:627  | Measure{#20} No timeOffset for HeadChordInter#7336{(0.944/0.944) staff:7 slot#7 dur:1/4}
2025-12-03 23:56:51,173 INFO [enhanced_png_special]        MeasureRhythm.java:1045 | Measure{#20} No timeOffset for RestChordInter#8050{(0.505/0.505) staff:8 slot#8 dur:1/4}
2025-12-03 23:56:51,174 INFO [enhanced_png_special]          StackRhythm.java:224  | S4 MeasureStack#20 no correct rhythm
2025-12-03 23:56:51,180 INFO [enhanced_png_special]        MeasureRhythm.java:1045 | Measure{#23} No timeOffset for HeadChordInter#7368{(0.955/0.955) staff:9 slot#4 dur:1/4}
2025-12-03 23:56:51,181 INFO [enhanced_png_special]          StackRhythm.java:224  | S5 MeasureStack#23 no correct rhythm
2025-12-03 23:56:51,186 INFO [enhanced_png_special]        MeasureRhythm.java:1045 | Measure{#25} No timeOffset for HeadChordInter#7373{(0.772/0.772) staff:9 slot#4 dur:1/4}
2025-12-03 23:56:51,187 INFO [enhanced_png_special]          StackRhythm.java:224  | S5 MeasureStack#25 no correct rhythm
2025-12-03 23:56:51,190 INFO [enhanced_png_special]        MeasureRhythm.java:1045 | Measure{#26} No timeOffset for HeadChordInter#7396{(0.958/0.958) staff:10 slot#6 dur:1/4}
2025-12-03 23:56:51,191 INFO [enhanced_png_special]                Voice.java:257  | Measure{#26} Voice{#2 excess:1/4} too long
2025-12-03 23:56:51,192 INFO [enhanced_png_special]          StackRhythm.java:224  | S5 MeasureStack#26 no correct rhythm
2025-12-03 23:56:51,197 INFO [enhanced_png_special]        MeasureRhythm.java:1045 | Measure{#27} No timeOffset for HeadChordInter#7381{(0.939/0.939) staff:9 slot#7 dur:1/4}
2025-12-03 23:56:51,199 INFO [enhanced_png_special]          StackRhythm.java:224  | S5 MeasureStack#27 no correct rhythm
2025-12-03 23:56:51,201 INFO [enhanced_png_special]        MeasureRhythm.java:1045 | Measure{#28} No timeOffset for RestChordInter#8124{(0.790/0.790) staff:9 slot#6 dur:1/4}
2025-12-03 23:56:51,202 INFO [enhanced_png_special]          StackRhythm.java:224  | S5 MeasureStack#28 no correct rhythm
2025-12-03 23:56:51,203 INFO [enhanced_png_special]       StepMonitoring.java:98   | PAGE
2025-12-03 23:56:51,207 INFO [enhanced_png_special]       SheetReduction.java:154  | Gutter. Different glyphs 2/3 StemInter#5192{(0.480/0.864) STEM} vs EndingInter#7500{(0.800/0.931) staff:5 ENDING}
2025-12-03 23:56:51,209 INFO [enhanced_png_special]       SheetReduction.java:154  | Gutter. Different glyphs 4/5 StemInter#6307{(0.674/0.928) STEM} vs EndingInter#7501{(0.800/0.908) staff:9 ENDING}
2025-12-03 23:56:51,213 INFO [enhanced_png_special]        MeasureRhythm.java:1045 | Measure{#14} No timeOffset for HeadChordInter#7302{(0.947/0.947) staff:6 slot#6 dur:1/4}
2025-12-03 23:56:51,213 INFO [enhanced_png_special]   AbstractChordInter.java:627  | Measure{#14} No timeOffset for HeadChordInter#7302{(0.947/0.947) staff:6 slot#6 dur:1/4}
2025-12-03 23:56:51,214 INFO [enhanced_png_special]        MeasureRhythm.java:1045 | Measure{#14} No timeOffset for RestChordInter#7988{(0.799/0.799) staff:5 slot#7 dur:1/8}
2025-12-03 23:56:51,215 INFO [enhanced_png_special]   AbstractChordInter.java:627  | Measure{#14} No timeOffset for HeadChordInter#7303{(0.794/0.794) staff:6 slot#7 dur:3/8}
2025-12-03 23:56:51,215 INFO [enhanced_png_special]   AbstractChordInter.java:627  | Measure{#14} No timeOffset for RestChordInter#7988{(0.799/0.799) staff:5 slot#7 dur:1/8}
2025-12-03 23:56:51,217 INFO [enhanced_png_special]                Voice.java:257  | Measure{#14} Voice{#1 excess:1/8} too long
2025-12-03 23:56:51,218 INFO [enhanced_png_special]          StackRhythm.java:224  | S3 MeasureStack#14 no correct rhythm
2025-12-03 23:56:51,225 INFO [enhanced_png_special]        MeasureRhythm.java:1045 | Measure{#27} No timeOffset for HeadChordInter#7381{(0.939/0.939) staff:9 slot#6 dur:1/4}
2025-12-03 23:56:51,225 INFO [enhanced_png_special]          StackRhythm.java:224  | S5 MeasureStack#27 no correct rhythm
2025-12-03 23:56:51,239 INFO [enhanced_png_special]                Voice.java:257  | Measure{#6} Voice{#1 excess:1/8} too long
2025-12-03 23:56:51,241 INFO [enhanced_png_special]                Voice.java:257  | Measure{#8} Voice{#1 excess:1/8} too long
2025-12-03 23:56:51,243 INFO [enhanced_png_special]                Voice.java:257  | Measure{#14} Voice{#1 excess:1/8} too long
2025-12-03 23:56:51,244 INFO [enhanced_png_special]                Voice.java:257  | Measure{#17} Voice{#3 excess:1/8} too long
2025-12-03 23:56:51,244 INFO [enhanced_png_special]                Voice.java:257  | Measure{#17} Voice{#2 excess:1/8} too long
2025-12-03 23:56:51,245 INFO [enhanced_png_special]                Voice.java:257  | Measure{#18} Voice{#1 excess:1/8} too long
2025-12-03 23:56:51,246 INFO [enhanced_png_special]                Voice.java:257  | Measure{#19} Voice{#6 excess:1/12} too long
2025-12-03 23:56:51,250 INFO [enhanced_png_special]                 Book.java:2550 | Book{enhanced_png_special} storing
2025-12-03 23:56:51,346 INFO [enhanced_png_special]                 Book.java:2531 | Stored /book.xml
2025-12-03 23:56:51,653 INFO [enhanced_png_special]           DataHolder.java:348  | Stored /sheet#1/BINARY.png
2025-12-03 23:56:52,955 INFO [enhanced_png_special]                Sheet.java:1583 | Stored /sheet#1/sheet#1.xml
2025-12-03 23:56:52,956 INFO [enhanced_png_special]                 Book.java:2491 | Book stored as C:\Dev\Balik-Suling-Updated-FreelanceProject-main\backend\omr-out\1764777357156\enhanced_png_special.omr
2025-12-03 23:56:52,964 INFO [enhanced_png_special]            SheetStub.java:1660 | Disposed sheet
2025-12-03 23:56:53,055 INFO [enhanced_png_special]                 Book.java:2018 | End of Stub#1 memory: 31,591,184
2025-12-03 23:56:53,057 INFO [enhanced_png_special]                 Book.java:2025 | Book processed.
2025-12-03 23:56:54,041 INFO [enhanced_png_special]            SheetStub.java:997  | Loaded /sheet#1/sheet#1.xml
2025-12-03 23:56:54,844 INFO [enhanced_png_special]      PartwiseBuilder.java:2661 | Exporting sheet(s): [#1]
2025-12-03 23:56:55,082 INFO [enhanced_png_special]        ScoreExporter.java:164  | Score enhanced_png_special exported to C:\Dev\Balik-Suling-Updated-FreelanceProject-main\backend\omr-out\1764777357156\enhanced_png_special.mxl
2025-12-03 23:56:55,154 INFO [enhanced_png_special]                Score.java:181  | Closing {Score 1}
