2025-12-03 23:55:01,321 INFO [enhanced_png_special]                 Book.java:562  | 1 sheet in C:\Dev\Balik-Suling-Updated-FreelanceProject-main\backend\omr-out\1764777292387\enhanced_png_special.tiff
2025-12-03 23:55:01,634 INFO []                 Book.java:2531 | Stored /book.xml
2025-12-03 23:55:01,635 INFO []                 Book.java:2491 | Book stored as C:\Dev\Balik-Suling-Updated-FreelanceProject-main\backend\omr-out\1764777292387\enhanced_png_special.omr
2025-12-03 23:55:01,647 INFO []                 Book.java:1933 | Book reaching PAGE on sheets:[#1]
2025-12-03 23:55:01,656 INFO [enhanced_png_special]       StepMonitoring.java:98   | LOAD
2025-12-03 23:55:01,892 INFO [enhanced_png_special]            SheetStub.java:1273 | Loaded image #1 3300x4271 from C:\Dev\Balik-Suling-Updated-FreelanceProject-main\backend\omr-out\1764777292387\enhanced_png_special.tiff
2025-12-03 23:55:01,897 INFO [enhanced_png_special]            ImageUtil.java:124  | Converting max RGB to gray
2025-12-03 23:55:02,319 INFO [enhanced_png_special]       StepMonitoring.java:98   | BINARY
2025-12-03 23:55:03,759 INFO [enhanced_png_special]       StepMonitoring.java:98   | SCALE
2025-12-03 23:55:03,805 INFO [enhanced_png_special]         ScaleBuilder.java:241  | Beam  guessed height: 14 -- 0.50 of 27 interline
2025-12-03 23:55:03,807 INFO [enhanced_png_special]         ScaleBuilder.java:264  | Beam measured height: 17 -- 0.47 of [8..27] range at 39% of needed quorum
2025-12-03 23:55:03,807 WARN [enhanced_png_special]         ScaleBuilder.java:293  | No reliable beam height found, guessed value: 14
2025-12-03 23:55:03,809 INFO [enhanced_png_special]            ScaleStep.java:65   | Scale{ interline(26,27,27) line(7,8,8) beam(14 extra)}
2025-12-03 23:55:03,811 INFO [enhanced_png_special]       StepMonitoring.java:98   | GRID
2025-12-03 23:55:04,467 INFO [enhanced_png_special]       LinesRetriever.java:1500 | Global slope: -0.00067
2025-12-03 23:55:04,532 INFO [enhanced_png_special]    ClustersRetriever.java:328  | Retrieved raw line clusters: 6 of sizes [5] with interline(26,27,27)
2025-12-03 23:55:04,981 INFO [enhanced_png_special]            PeakGraph.java:310  | Systems: #1[1, 2] #2[3, 4] #3[5, 6]
2025-12-03 23:55:05,727 INFO [enhanced_png_special]        SystemManager.java:779  | 1 part along 3 systems
2025-12-03 23:55:05,730 INFO [enhanced_png_special]                 Book.java:545  | Created scores: [{Score 1}]
2025-12-03 23:55:05,731 INFO [enhanced_png_special]       StepMonitoring.java:98   | HEADERS
2025-12-03 23:55:06,237 INFO [enhanced_png_special]      BasicClassifier.java:277  | Classifier loaded XML norms.
2025-12-03 23:55:06,245 INFO [enhanced_png_special]   AbstractClassifier.java:396  | Classifier data loaded from default uri jar:file:/C:/Program%20Files/Audiveris/app/audiveris.jar!/res/basic-classifier.zip
2025-12-03 23:55:07,988 INFO [enhanced_png_special]       StepMonitoring.java:98   | STEM_SEEDS
2025-12-03 23:55:08,121 INFO [enhanced_png_special]        StemSeedsStep.java:86   | stem(9 max:9)
2025-12-03 23:55:08,220 INFO [enhanced_png_special]       StepMonitoring.java:98   | BEAMS
2025-12-03 23:55:18,356 INFO [enhanced_png_special]       StepMonitoring.java:98   | LEDGERS
2025-12-03 23:55:18,602 INFO [enhanced_png_special]       StepMonitoring.java:98   | HEADS
2025-12-03 23:55:27,673 INFO [enhanced_png_special]        HeadSeedTally.java:235  | Scale information: HeadSeeds{NOTEHEAD_VOID[L:-1.4,R:-1.4] NOTEHEAD_BLACK[L:-2.0,R:-1.7]}
2025-12-03 23:55:27,674 INFO [enhanced_png_special]       StepMonitoring.java:98   | STEMS
2025-12-03 23:55:28,552 INFO [enhanced_png_special]       StepMonitoring.java:98   | REDUCTION
2025-12-03 23:55:28,654 INFO [enhanced_png_special]        ReductionStep.java:105  | Stems free length median value: 94 pixels, 3.5 interlines
2025-12-03 23:55:28,660 INFO [enhanced_png_special]       StepMonitoring.java:98   | CUE_BEAMS
2025-12-03 23:55:28,661 INFO [enhanced_png_special]         CueBeamsStep.java:81   | Step CUE_BEAMS is skipped because small heads switch is off
2025-12-03 23:55:28,663 INFO [enhanced_png_special]       StepMonitoring.java:98   | TEXTS
2025-12-03 23:55:29,917 INFO [enhanced_png_special]       StepMonitoring.java:98   | MEASURES
2025-12-03 23:55:29,941 INFO [enhanced_png_special]                 Page.java:307  | 12 raw measures: [4 in system#1, 4 in system#2, 4 in system#3]
2025-12-03 23:55:29,941 INFO [enhanced_png_special]       StepMonitoring.java:98   | CHORDS
2025-12-03 23:55:29,968 INFO [enhanced_png_special]       StepMonitoring.java:98   | CURVES
2025-12-03 23:55:31,674 INFO [enhanced_png_special]         SlursBuilder.java:240  | Slurs: 0
2025-12-03 23:55:31,689 INFO [enhanced_png_special]      SegmentsBuilder.java:155  | Segments: 1
2025-12-03 23:55:31,702 INFO [enhanced_png_special]       StepMonitoring.java:98   | SYMBOLS
2025-12-03 23:55:32,737 INFO [enhanced_png_special]       StepMonitoring.java:98   | LINKS
2025-12-03 23:55:32,816 INFO [enhanced_png_special]       StepMonitoring.java:98   | RHYTHMS
2025-12-03 23:55:32,919 INFO [enhanced_png_special]       StepMonitoring.java:98   | PAGE
2025-12-03 23:55:32,932 INFO [enhanced_png_special]                 Book.java:2550 | Book{enhanced_png_special} storing
2025-12-03 23:55:32,995 INFO [enhanced_png_special]                 Book.java:2531 | Stored /book.xml
2025-12-03 23:55:33,251 INFO [enhanced_png_special]           DataHolder.java:348  | Stored /sheet#1/BINARY.png
2025-12-03 23:55:33,998 INFO [enhanced_png_special]                Sheet.java:1583 | Stored /sheet#1/sheet#1.xml
2025-12-03 23:55:33,999 INFO [enhanced_png_special]                 Book.java:2491 | Book stored as C:\Dev\Balik-Suling-Updated-FreelanceProject-main\backend\omr-out\1764777292387\enhanced_png_special.omr
2025-12-03 23:55:34,007 INFO [enhanced_png_special]            SheetStub.java:1660 | Disposed sheet
2025-12-03 23:55:34,085 INFO [enhanced_png_special]                 Book.java:2018 | End of Stub#1 memory: 32,693,080
2025-12-03 23:55:34,087 INFO [enhanced_png_special]                 Book.java:2025 | Book processed.
2025-12-03 23:55:34,707 INFO [enhanced_png_special]            SheetStub.java:997  | Loaded /sheet#1/sheet#1.xml
2025-12-03 23:55:35,527 INFO [enhanced_png_special]      PartwiseBuilder.java:2661 | Exporting sheet(s): [#1]
2025-12-03 23:55:35,668 INFO [enhanced_png_special]        ScoreExporter.java:164  | Score enhanced_png_special exported to C:\Dev\Balik-Suling-Updated-FreelanceProject-main\backend\omr-out\1764777292387\enhanced_png_special.mxl
2025-12-03 23:55:35,729 INFO [enhanced_png_special]                Score.java:181  | Closing {Score 1}
