2025-12-03 23:45:29,053 INFO [enhanced_Sheet-Music-Background-PNG]                 Book.java:562  | 1 sheet in C:\Dev\Balik-Suling-Updated-FreelanceProject-main\backend\omr-out\1764776724174\enhanced_Sheet-Music-Background-PNG.tiff
2025-12-03 23:45:29,310 INFO []                 Book.java:2531 | Stored /book.xml
2025-12-03 23:45:29,311 INFO []                 Book.java:2491 | Book stored as C:\Dev\Balik-Suling-Updated-FreelanceProject-main\backend\omr-out\1764776724174\enhanced_Sheet-Music-Background-PNG.omr
2025-12-03 23:45:29,383 INFO []                 Book.java:1933 | Book reaching PAGE on sheets:[#1]
2025-12-03 23:45:29,386 INFO [enhanced_Sheet-Music-Background-PNG]       StepMonitoring.java:98   | LOAD
2025-12-03 23:45:29,608 INFO [enhanced_Sheet-Music-Background-PNG]            SheetStub.java:1273 | Loaded image #1 3300x4271 from C:\Dev\Balik-Suling-Updated-FreelanceProject-main\backend\omr-out\1764776724174\enhanced_Sheet-Music-Background-PNG.tiff
2025-12-03 23:45:29,616 INFO [enhanced_Sheet-Music-Background-PNG]            ImageUtil.java:206  | Discarding alpha band ...
2025-12-03 23:45:30,409 INFO [enhanced_Sheet-Music-Background-PNG]            ImageUtil.java:124  | Converting max RGB to gray
2025-12-03 23:45:30,902 INFO [enhanced_Sheet-Music-Background-PNG]       StepMonitoring.java:98   | BINARY
2025-12-03 23:45:32,224 INFO [enhanced_Sheet-Music-Background-PNG]       StepMonitoring.java:98   | SCALE
2025-12-03 23:45:32,234 WARN [enhanced_Sheet-Music-Background-PNG]            SheetStub.java:412  | enhanced_Sheet-Music-Background-PNG

Too few black pixels: 0.08% of whole image.
This sheet is almost blank.

2025-12-03 23:45:32,236 INFO [enhanced_Sheet-Music-Background-PNG]                 Book.java:545  | Created scores: []
2025-12-03 23:45:32,237 INFO [enhanced_Sheet-Music-Background-PNG]            SheetStub.java:1191 | Sheet enhanced_Sheet-Music-Background-PNG flagged as invalid.
2025-12-03 23:45:32,238 INFO [enhanced_Sheet-Music-Background-PNG]            SheetStub.java:1410 | StepException cause detected in [LOAD, BINARY, SCALE, GRID, HEADERS, STEM_SEEDS, BEAMS, LEDGERS, HEADS, STEMS, REDUCTION, CUE_BEAMS, TEXTS, MEASURES, CHORDS, CURVES, SYMBOLS, LINKS, RHYTHMS, PAGE]
2025-12-03 23:45:32,239 INFO [enhanced_Sheet-Music-Background-PNG]                 Book.java:2550 | Book{enhanced_Sheet-Music-Background-PNG} storing
2025-12-03 23:45:32,265 INFO [enhanced_Sheet-Music-Background-PNG]                 Book.java:2531 | Stored /book.xml
2025-12-03 23:45:32,516 INFO [enhanced_Sheet-Music-Background-PNG]           DataHolder.java:348  | Stored /sheet#1/BINARY.png
2025-12-03 23:45:33,003 INFO [enhanced_Sheet-Music-Background-PNG]                Sheet.java:1583 | Stored /sheet#1/sheet#1.xml
2025-12-03 23:45:33,004 INFO [enhanced_Sheet-Music-Background-PNG]                 Book.java:2491 | Book stored as C:\Dev\Balik-Suling-Updated-FreelanceProject-main\backend\omr-out\1764776724174\enhanced_Sheet-Music-Background-PNG.omr
2025-12-03 23:45:33,009 INFO [enhanced_Sheet-Music-Background-PNG]            SheetStub.java:1660 | Disposed sheet
2025-12-03 23:45:33,048 INFO [enhanced_Sheet-Music-Background-PNG]                 Book.java:2018 | End of Stub#1 memory: 14,555,144
2025-12-03 23:45:33,049 INFO [enhanced_Sheet-Music-Background-PNG]                 Book.java:2025 | Book processed.
2025-12-03 23:45:33,051 INFO [enhanced_Sheet-Music-Background-PNG]                 Book.java:599  | Could not export since transcription did not complete successfully
