2025-12-03 23:17:52,456 INFO [enhanced_92011]                 Book.java:562  | 1 sheet in C:\Dev\Balik-Suling-Updated-FreelanceProject-main\backend\omr-out\1764775056586\enhanced_92011.tiff
2025-12-03 23:17:52,872 INFO []                 Book.java:2531 | Stored /book.xml
2025-12-03 23:17:52,872 INFO []                 Book.java:2491 | Book stored as C:\Dev\Balik-Suling-Updated-FreelanceProject-main\backend\omr-out\1764775056586\enhanced_92011.omr
2025-12-03 23:17:52,883 INFO []                 Book.java:1933 | Book reaching PAGE on sheets:[#1]
2025-12-03 23:17:52,889 INFO [enhanced_92011]       StepMonitoring.java:98   | LOAD
2025-12-03 23:17:53,199 INFO [enhanced_92011]            SheetStub.java:1273 | Loaded image #1 3300x4668 from C:\Dev\Balik-Suling-Updated-FreelanceProject-main\backend\omr-out\1764775056586\enhanced_92011.tiff
2025-12-03 23:17:53,200 INFO [enhanced_92011]            ImageUtil.java:124  | Converting max RGB to gray
2025-12-03 23:17:53,682 INFO [enhanced_92011]       StepMonitoring.java:98   | BINARY
2025-12-03 23:17:56,203 INFO [enhanced_92011]       StepMonitoring.java:98   | SCALE
2025-12-03 23:17:56,267 INFO [enhanced_92011]         ScaleBuilder.java:241  | Beam  guessed height: 12 -- 0.50 of 24 interline
2025-12-03 23:17:56,267 INFO [enhanced_92011]         ScaleBuilder.java:264  | Beam measured height: 12 -- 0.29 of [7..24] range at 153% of needed quorum
2025-12-03 23:17:56,278 INFO [enhanced_92011]            ScaleStep.java:65   | Scale{ interline(22,24,26) line(2,3,6) beam(12)}
2025-12-03 23:17:56,278 INFO [enhanced_92011]       StepMonitoring.java:98   | GRID
2025-12-03 23:17:59,172 INFO [enhanced_92011]       LinesRetriever.java:1500 | Global slope: 0.00000
2025-12-03 23:17:59,458 INFO [enhanced_92011]    ClustersRetriever.java:328  | Retrieved raw line clusters: 11 of sizes [5] with interline(22,24,26)
2025-12-03 23:18:04,033 INFO [enhanced_92011]            PeakGraph.java:310  | Systems: #1[1, 2] #2[3] #3[4, 5] #4[6] #5[7, 8] #6[9] #7[10, 11]
2025-12-03 23:18:08,257 INFO [enhanced_92011]        SystemManager.java:134  | Indentation detected for system #1
2025-12-03 23:18:08,257 INFO [enhanced_92011]        SystemManager.java:779  | 2 parts along 7 systems
2025-12-03 23:18:08,257 INFO [enhanced_92011]                 Book.java:545  | Created scores: [{Score 1}]
2025-12-03 23:18:08,257 INFO [enhanced_92011]       StepMonitoring.java:98   | HEADERS
2025-12-03 23:18:08,825 INFO [enhanced_92011]      BasicClassifier.java:277  | Classifier loaded XML norms.
2025-12-03 23:18:08,840 INFO [enhanced_92011]   AbstractClassifier.java:396  | Classifier data loaded from default uri jar:file:/C:/Program%20Files/Audiveris/app/audiveris.jar!/res/basic-classifier.zip
2025-12-03 23:18:10,811 INFO [enhanced_92011]           KeyBuilder.java:1038 | Staff#4 key slice#3 pitch adjusted from 0.5 to 1
2025-12-03 23:18:13,035 INFO [enhanced_92011]       StepMonitoring.java:98   | STEM_SEEDS
2025-12-03 23:18:13,275 INFO [enhanced_92011]        StemSeedsStep.java:86   | stem(3 max:6)
2025-12-03 23:18:13,503 INFO [enhanced_92011]       StepMonitoring.java:98   | BEAMS
2025-12-03 23:18:23,461 INFO [enhanced_92011]       StepMonitoring.java:98   | LEDGERS
2025-12-03 23:18:26,485 INFO [enhanced_92011]       StepMonitoring.java:98   | HEADS
2025-12-03 23:18:42,626 INFO [enhanced_92011]        HeadSeedTally.java:235  | Scale information: HeadSeeds{NOTEHEAD_VOID[R:1.0] NOTEHEAD_BLACK[L:0.7,R:0.9]}
2025-12-03 23:18:42,626 INFO [enhanced_92011]       StepMonitoring.java:98   | STEMS
2025-12-03 23:18:46,388 INFO [enhanced_92011]       StepMonitoring.java:98   | REDUCTION
2025-12-03 23:18:46,688 INFO [enhanced_92011]        ReductionStep.java:105  | Stems free length median value: 76 pixels, 3.2 interlines
2025-12-03 23:18:46,706 INFO [enhanced_92011]       StepMonitoring.java:98   | CUE_BEAMS
2025-12-03 23:18:46,706 INFO [enhanced_92011]         CueBeamsStep.java:81   | Step CUE_BEAMS is skipped because small heads switch is off
2025-12-03 23:18:46,706 INFO [enhanced_92011]       StepMonitoring.java:98   | TEXTS
2025-12-03 23:18:53,278 INFO [enhanced_92011]       StepMonitoring.java:98   | MEASURES
2025-12-03 23:18:53,288 INFO [enhanced_92011]      MeasuresBuilder.java:416  | S1 partial barline column: s1:G(x:2020,y:904)[12]
2025-12-03 23:18:53,290 INFO [enhanced_92011]      MeasuresBuilder.java:428  | S1 deleting   half column: s1:G(x:2020,y:904)[12]
2025-12-03 23:18:53,305 INFO [enhanced_92011]                 Page.java:307  | 25 raw measures: [2 in system#1, 5 in system#2, 4 in system#3, 4 in system#4, 3 in system#5, 4 in system#6, 3 in system#7]
2025-12-03 23:18:53,305 INFO [enhanced_92011]       StepMonitoring.java:98   | CHORDS
2025-12-03 23:18:53,352 INFO [enhanced_92011]       StepMonitoring.java:98   | CURVES
2025-12-03 23:18:58,687 INFO [enhanced_92011]        CurvesBuilder.java:532  | Curve: SlurInfo{#4346[1953,855][2018,856] dist:1.61} Too many rookies: 54, giving up!
2025-12-03 23:18:58,845 INFO [enhanced_92011]        CurvesBuilder.java:532  | Curve: SlurInfo{#4852[1620,3635][1681,3635] dist:2.24} Too many rookies: 62, giving up!
2025-12-03 23:18:58,921 INFO [enhanced_92011]        CurvesBuilder.java:532  | Curve: SlurInfo{#4852[1620,3635][1681,3635] dist:0.95} Too many rookies: 52, giving up!
2025-12-03 23:18:59,235 INFO [enhanced_92011]        CurvesBuilder.java:532  | Curve: SlurInfo{#5657[1723,3152][1782,3150] dist:1.71} Too many rookies: 50, giving up!
2025-12-03 23:18:59,397 INFO [enhanced_92011]        CurvesBuilder.java:532  | Curve: SlurInfo{#6023[2836,902][2894,902] dist:2.67} Too many rookies: 66, giving up!
2025-12-03 23:18:59,855 INFO [enhanced_92011]        CurvesBuilder.java:532  | Curve: SlurInfo{#7091[713,2621][766,2619] dist:1.69} Too many rookies: 58, giving up!
2025-12-03 23:19:00,355 INFO [enhanced_92011]        CurvesBuilder.java:532  | Curve: SlurInfo{#8187[1347,2226][1396,2228] dist:4.90} Too many rookies: 57, giving up!
2025-12-03 23:19:00,836 INFO [enhanced_92011]        CurvesBuilder.java:532  | Curve: SlurInfo{#9257[2194,2904][2240,2904] dist:3.69} Too many rookies: 66, giving up!
2025-12-03 23:19:01,199 INFO [enhanced_92011]        CurvesBuilder.java:532  | Curve: SlurInfo{#10529[612,2620][653,2620] dist:0.97} Too many rookies: 70, giving up!
2025-12-03 23:19:01,838 INFO [enhanced_92011]        CurvesBuilder.java:532  | Curve: SlurInfo{#12800[1430,3150][1462,3151] dist:2.43} Too many rookies: 54, giving up!
2025-12-03 23:19:02,172 INFO [enhanced_92011]        CurvesBuilder.java:532  | Curve: SlurInfo{#13970[1436,2905][1465,2904] dist:5.28} Too many rookies: 56, giving up!
2025-12-03 23:19:02,246 INFO [enhanced_92011]        CurvesBuilder.java:532  | Curve: SlurInfo{#14236[1721,2905][1750,2905] dist:2.07} Too many rookies: 62, giving up!
2025-12-03 23:19:02,599 INFO [enhanced_92011]        CurvesBuilder.java:532  | Curve: SlurInfo{#15539[3107,901][3133,902] dist:3.02} Too many rookies: 51, giving up!
2025-12-03 23:19:02,768 INFO [enhanced_92011]        CurvesBuilder.java:532  | Curve: SlurInfo{#16490[1641,3224][1664,3222] dist:3.52} Too many rookies: 68, giving up!
2025-12-03 23:19:03,604 INFO [enhanced_92011]        CurvesBuilder.java:532  | Curve: SlurInfo{#23932[558,2621][574,2620] dist:1.34} Too many rookies: 61, giving up!
2025-12-03 23:19:04,688 INFO [enhanced_92011]        CurvesBuilder.java:532  | Curve: SlurInfo{#31397[2175,2178][2187,2179] dist:5.80} Too many rookies: 54, giving up!
2025-12-03 23:19:04,753 INFO [enhanced_92011]         SlursBuilder.java:240  | Slurs: 48
2025-12-03 23:19:05,030 INFO [enhanced_92011]        CurvesBuilder.java:532  | Curve: SegmentInfo{#343[1052,3635][1083,3635] dist:0.48} Too many rookies: 94, giving up!
2025-12-03 23:19:05,076 INFO [enhanced_92011]        CurvesBuilder.java:532  | Curve: SegmentInfo{#659[1895,2904][1925,2904] dist:0.57} Too many rookies: 56, giving up!
2025-12-03 23:19:05,087 INFO [enhanced_92011]      SegmentsBuilder.java:155  | Segments: 27
2025-12-03 23:19:05,099 INFO [enhanced_92011]       StepMonitoring.java:98   | SYMBOLS
2025-12-03 23:19:10,621 INFO [enhanced_92011]       StepMonitoring.java:98   | LINKS
2025-12-03 23:19:10,637 INFO [enhanced_92011]        SymbolsLinker.java:257  | No chord linked to OctaveShiftInter#11623{(0.306) staff:2 QUINDICESIMA BASSA}
2025-12-03 23:19:10,789 INFO [enhanced_92011]       StepMonitoring.java:98   | RHYTHMS
2025-12-03 23:19:10,871 INFO [enhanced_92011]        MeasureRhythm.java:1277 | Measure{#1} Time inconsistency in {3/4=[HeadChordInter#8149{(0.917/0.917) staff:2 slot#10 off:3/4 dur:1/8}], 1=[HeadChordInter#8136{(0.970/0.970) staff:1 slot#10 off:1 dur:1/8}]}
2025-12-03 23:19:10,871 INFO [enhanced_92011]        MeasureRhythm.java:1277 | Measure{#1} Time inconsistency in {7/8=[HeadChordInter#8150{(0.888/0.888) staff:2 slot#11 off:7/8 dur:1/8}], 9/8=[HeadChordInter#8137{(0.879/0.879) staff:1 slot#11 off:9/8 dur:1/2}]}
2025-12-03 23:19:10,907 INFO [enhanced_92011]                Voice.java:257  | Measure{#11P1} Voice{#1 excess:1/8} too long
2025-12-03 23:19:10,907 INFO [enhanced_92011]                Voice.java:257  | Measure{#11P1} Voice{#2 excess:1/8} too long
2025-12-03 23:19:10,909 INFO [enhanced_92011]          StackRhythm.java:224  | S3 MeasureStack#11 no correct rhythm
2025-12-03 23:19:10,923 INFO [enhanced_92011]        MeasureRhythm.java:1045 | Measure{#16P1} No timeOffset for HeadChordInter#8227{(0.931/0.931) staff:7 slot#3 dur:1/4}
2025-12-03 23:19:10,923 INFO [enhanced_92011]   AbstractChordInter.java:627  | Measure{#16P1} No timeOffset for HeadChordInter#8227{(0.931/0.931) staff:7 slot#3 dur:1/4}
2025-12-03 23:19:10,923 INFO [enhanced_92011]   AbstractChordInter.java:627  | Measure{#16P1} No timeOffset for RestChordInter#12477{(0.686/0.686) staff:7 slot#5 dur:1/8}
2025-12-03 23:19:10,923 INFO [enhanced_92011]   AbstractChordInter.java:627  | Measure{#16P1} No timeOffset for HeadChordInter#8229{(0.885/0.885) staff:7 slot#6 dur:1/4}
2025-12-03 23:19:10,923 INFO [enhanced_92011]   AbstractChordInter.java:627  | Measure{#16P1} No timeOffset for HeadChordInter#8231{(0.866/0.866) staff:7 slot#8 dur:1/8}
2025-12-03 23:19:10,923 INFO [enhanced_92011]   AbstractChordInter.java:627  | Measure{#16P1} No timeOffset for HeadChordInter#8233{(0.901/0.901) staff:7 slot#10 dur:1/8}
2025-12-03 23:19:10,923 INFO [enhanced_92011]                Voice.java:257  | Measure{#16P1} Voice{#1 excess:3/4} too long
2025-12-03 23:19:10,937 INFO [enhanced_92011]        MeasureRhythm.java:1045 | Measure{#16P2} No timeOffset for HeadChordInter#8254{(0.885/0.885) staff:8 slot#8 dur:1/4}
2025-12-03 23:19:10,937 INFO [enhanced_92011]   AbstractChordInter.java:627  | Measure{#16P2} No timeOffset for HeadChordInter#8254{(0.885/0.885) staff:8 slot#8 dur:1/4}
2025-12-03 23:19:10,939 INFO [enhanced_92011]   AbstractChordInter.java:627  | Measure{#16P2} No timeOffset for HeadChordInter#8255{(0.927/0.927) staff:8 slot#9 dur:1/4}
2025-12-03 23:19:10,939 INFO [enhanced_92011]                Voice.java:257  | Measure{#16P2} Voice{#1 excess:1/8} too long
2025-12-03 23:19:10,941 INFO [enhanced_92011]          StackRhythm.java:224  | S5 MeasureStack#16 no correct rhythm
2025-12-03 23:19:10,941 INFO [enhanced_92011]        MeasureRhythm.java:1045 | Measure{#18P1} No timeOffset for HeadChordInter#8241{(0.931/0.931) staff:7 slot#2 dur:1/8}
2025-12-03 23:19:10,941 INFO [enhanced_92011]   AbstractChordInter.java:627  | Measure{#18P1} No timeOffset for HeadChordInter#8243{(0.918/0.918) staff:7 slot#4 dur:3/8}
2025-12-03 23:19:10,941 INFO [enhanced_92011]          StackRhythm.java:224  | S5 MeasureStack#18 no correct rhythm
2025-12-03 23:19:10,956 INFO [enhanced_92011]                Voice.java:257  | Measure{#22} Voice{#1 excess:3/8} too long
2025-12-03 23:19:10,956 INFO [enhanced_92011]          StackRhythm.java:224  | S6 MeasureStack#22 no correct rhythm
2025-12-03 23:19:10,956 INFO [enhanced_92011]                Voice.java:257  | Measure{#23P1} Voice{#2 excess:1/8} too long
2025-12-03 23:19:10,956 INFO [enhanced_92011]          StackRhythm.java:224  | S7 MeasureStack#23 no correct rhythm
2025-12-03 23:19:10,956 INFO [enhanced_92011]                Voice.java:257  | Measure{#24P1} Voice{#1 excess:1/16} too long
2025-12-03 23:19:10,956 INFO [enhanced_92011]                Voice.java:257  | Measure{#24P1} Voice{#3 excess:1/8} too long
2025-12-03 23:19:10,970 INFO [enhanced_92011]          StackRhythm.java:224  | S7 MeasureStack#24 no correct rhythm
2025-12-03 23:19:10,972 INFO [enhanced_92011]                Voice.java:257  | Measure{#25P1} Voice{#2 excess:3/8} too long
2025-12-03 23:19:10,972 INFO [enhanced_92011]                Voice.java:257  | Measure{#25P1} Voice{#3 excess:5/8} too long
2025-12-03 23:19:10,972 INFO [enhanced_92011]                Voice.java:257  | Measure{#25P1} Voice{#4 excess:3/4} too long
2025-12-03 23:19:10,972 INFO [enhanced_92011]                Voice.java:257  | Measure{#25P1} Voice{#5 excess:3/4} too long
2025-12-03 23:19:10,972 INFO [enhanced_92011]        MeasureRhythm.java:1045 | Measure{#25P2} No timeOffset for HeadChordInter#8322{(0.940/0.940) staff:11 slot#5 dur:1/4}
2025-12-03 23:19:10,972 INFO [enhanced_92011]   AbstractChordInter.java:627  | Measure{#25P2} No timeOffset for HeadChordInter#8322{(0.940/0.940) staff:11 slot#5 dur:1/4}
2025-12-03 23:19:10,983 INFO [enhanced_92011]          StackRhythm.java:224  | S7 MeasureStack#25 no correct rhythm
2025-12-03 23:19:10,983 INFO [enhanced_92011]       StepMonitoring.java:98   | PAGE
2025-12-03 23:19:11,006 INFO [enhanced_92011]       SheetReduction.java:154  | Gutter. Different glyphs 4/5 ArticulationInter#12233{(0.798/0.839) STACCATO} vs RestInter#12402{(0.686/0.686) staff:7 EIGHTH_REST p:-12.5}
2025-12-03 23:19:11,007 INFO [enhanced_92011]       SheetReduction.java:154  | Gutter. Different glyphs 4/5 LyricItemInter#7878{(0.659/0.659) staff:6 LYRICS "in'" font:S-58 Syllable} vs DynamicsInter#12437{(0.593/0.593) DYNAMICS_SF}
2025-12-03 23:19:11,007 INFO [enhanced_92011]       SheetReduction.java:154  | Gutter. Different glyphs 4/5 LyricItemInter#7882{(0.793/0.793) staff:6 LYRICS "-" font:I-39 Hyphen} vs ArticulationInter#12446{(0.440/0.560) TENUTO}
2025-12-03 23:19:11,010 INFO [enhanced_92011]       SheetReduction.java:154  | Gutter. Different glyphs 4/5 TupletInter#12303{(0.362/0.617) staff:6 TUPLET_THREE} vs ArticulationInter#12461{(0.799/0.861) STACCATO}
2025-12-03 23:19:11,023 WARN [enhanced_92011]         MeasureFixer.java:343  | System#1 No target duration for measures local IDs [1, 2], please check time signatures
2025-12-03 23:19:11,023 INFO [enhanced_92011]                Voice.java:257  | Measure{#16P1} Voice{#1 excess:3/4} too long
2025-12-03 23:19:11,023 INFO [enhanced_92011]                Voice.java:257  | Measure{#16P2} Voice{#1 excess:1/8} too long
2025-12-03 23:19:11,023 INFO [enhanced_92011]                Voice.java:257  | Measure{#22} Voice{#1 excess:3/8} too long
2025-12-03 23:19:11,023 INFO [enhanced_92011]                Voice.java:257  | Measure{#23P1} Voice{#2 excess:1/8} too long
2025-12-03 23:19:11,023 INFO [enhanced_92011]                Voice.java:257  | Measure{#24P1} Voice{#1 excess:1/16} too long
2025-12-03 23:19:11,023 INFO [enhanced_92011]                Voice.java:257  | Measure{#24P1} Voice{#3 excess:1/8} too long
2025-12-03 23:19:11,023 INFO [enhanced_92011]                Voice.java:257  | Measure{#25P1} Voice{#1 excess:3/8} too long
2025-12-03 23:19:11,023 INFO [enhanced_92011]                Voice.java:257  | Measure{#25P1} Voice{#3 excess:5/8} too long
2025-12-03 23:19:11,031 INFO [enhanced_92011]                Voice.java:257  | Measure{#25P1} Voice{#4 excess:3/4} too long
2025-12-03 23:19:11,031 INFO [enhanced_92011]                Voice.java:257  | Measure{#25P1} Voice{#5 excess:3/4} too long
2025-12-03 23:19:11,031 INFO [enhanced_92011]                 Book.java:2550 | Book{enhanced_92011} storing
2025-12-03 23:19:11,160 INFO [enhanced_92011]                 Book.java:2531 | Stored /book.xml
2025-12-03 23:19:11,521 INFO [enhanced_92011]           DataHolder.java:348  | Stored /sheet#1/BINARY.png
2025-12-03 23:19:13,419 INFO [enhanced_92011]                Sheet.java:1583 | Stored /sheet#1/sheet#1.xml
2025-12-03 23:19:13,419 INFO [enhanced_92011]                 Book.java:2491 | Book stored as C:\Dev\Balik-Suling-Updated-FreelanceProject-main\backend\omr-out\1764775056586\enhanced_92011.omr
2025-12-03 23:19:13,423 INFO [enhanced_92011]            SheetStub.java:1660 | Disposed sheet
2025-12-03 23:19:13,529 INFO [enhanced_92011]                 Book.java:2018 | End of Stub#1 memory: 31,825,736
2025-12-03 23:19:13,529 INFO [enhanced_92011]                 Book.java:2025 | Book processed.
2025-12-03 23:19:17,314 INFO [enhanced_92011]            SheetStub.java:997  | Loaded /sheet#1/sheet#1.xml
2025-12-03 23:19:19,344 INFO [enhanced_92011]      PartwiseBuilder.java:2661 | Exporting sheet(s): [#1]
2025-12-03 23:19:19,344 INFO [enhanced_92011]                 Part.java:351  | Sheet#1 System#1 Part#3{ staves[1,2] configs:[5,5]} dummyPart id: 1
2025-12-03 23:19:19,361 INFO [enhanced_92011]                 Part.java:351  | Sheet#1 System#2 Part#2{ staves[3] configs:[5]} dummyPart id: 1
2025-12-03 23:19:19,374 INFO [enhanced_92011]                 Part.java:351  | Sheet#1 System#4 Part#2{ staves[6] configs:[5]} dummyPart id: 1
2025-12-03 23:19:19,378 INFO [enhanced_92011]                 Part.java:351  | Sheet#1 System#6 Part#2{ staves[9] configs:[5]} dummyPart id: 1
2025-12-03 23:19:19,389 INFO [enhanced_92011]                 Part.java:351  | Sheet#1 System#1 Part#3{ staves[1,2] configs:[5,5]} dummyPart id: 2
2025-12-03 23:19:19,423 INFO [enhanced_92011]                 Part.java:351  | Sheet#1 System#2 Part#2{ staves[3] configs:[5]} dummyPart id: 3
2025-12-03 23:19:19,425 INFO [enhanced_92011]                 Part.java:351  | Sheet#1 System#3 Part#1{ staves[4] configs:[5]} dummyPart id: 3
2025-12-03 23:19:19,425 INFO [enhanced_92011]                 Part.java:351  | Sheet#1 System#4 Part#2{ staves[6] configs:[5]} dummyPart id: 3
2025-12-03 23:19:19,429 INFO [enhanced_92011]                 Part.java:351  | Sheet#1 System#5 Part#1{ staves[7] configs:[5]} dummyPart id: 3
2025-12-03 23:19:19,429 INFO [enhanced_92011]                 Part.java:351  | Sheet#1 System#6 Part#2{ staves[9] configs:[5]} dummyPart id: 3
2025-12-03 23:19:19,431 INFO [enhanced_92011]                 Part.java:351  | Sheet#1 System#7 Part#1{ staves[10] configs:[5]} dummyPart id: 3
2025-12-03 23:19:19,682 INFO [enhanced_92011]        ScoreExporter.java:164  | Score enhanced_92011 exported to C:\Dev\Balik-Suling-Updated-FreelanceProject-main\backend\omr-out\1764775056586\enhanced_92011.mxl
2025-12-03 23:19:19,778 INFO [enhanced_92011]                Score.java:181  | Closing {Score 1}
