2025-12-03 22:40:56,178 INFO [enhanced_twinkleScoreSheet]                 Book.java:562  | 1 sheet in C:\Dev\Balik-Suling-Updated-FreelanceProject-main\backend\omr-out\1764772852290\enhanced_twinkleScoreSheet.tiff
2025-12-03 22:40:56,396 INFO []                 Book.java:2531 | Stored /book.xml
2025-12-03 22:40:56,397 INFO []                 Book.java:2491 | Book stored as C:\Dev\Balik-Suling-Updated-FreelanceProject-main\backend\omr-out\1764772852290\enhanced_twinkleScoreSheet.omr
2025-12-03 22:40:56,423 INFO []                 Book.java:1933 | Book reaching PAGE on sheets:[#1]
2025-12-03 22:40:56,425 INFO [enhanced_twinkleScoreSheet]       StepMonitoring.java:98   | LOAD
2025-12-03 22:40:56,601 INFO [enhanced_twinkleScoreSheet]            SheetStub.java:1273 | Loaded image #1 3300x4271 from C:\Dev\Balik-Suling-Updated-FreelanceProject-main\backend\omr-out\1764772852290\enhanced_twinkleScoreSheet.tiff
2025-12-03 22:40:56,606 INFO [enhanced_twinkleScoreSheet]            ImageUtil.java:124  | Converting max RGB to gray
2025-12-03 22:40:57,030 INFO [enhanced_twinkleScoreSheet]       StepMonitoring.java:98   | BINARY
2025-12-03 22:40:58,309 INFO [enhanced_twinkleScoreSheet]       StepMonitoring.java:98   | SCALE
2025-12-03 22:40:58,321 INFO [enhanced_twinkleScoreSheet]                 Book.java:545  | Created scores: []
2025-12-03 22:40:58,322 INFO [enhanced_twinkleScoreSheet]            SheetStub.java:1191 | Sheet enhanced_twinkleScoreSheet flagged as invalid.
2025-12-03 22:40:58,323 INFO [enhanced_twinkleScoreSheet]            SheetStub.java:1410 | StepException cause detected in [LOAD, BINARY, SCALE, GRID, HEADERS, STEM_SEEDS, BEAMS, LEDGERS, HEADS, STEMS, REDUCTION, CUE_BEAMS, TEXTS, MEASURES, CHORDS, CURVES, SYMBOLS, LINKS, RHYTHMS, PAGE]
2025-12-03 22:40:58,323 INFO [enhanced_twinkleScoreSheet]                 Book.java:2550 | Book{enhanced_twinkleScoreSheet} storing
2025-12-03 22:40:58,350 INFO [enhanced_twinkleScoreSheet]                 Book.java:2531 | Stored /book.xml
2025-12-03 22:40:58,586 INFO [enhanced_twinkleScoreSheet]           DataHolder.java:348  | Stored /sheet#1/BINARY.png
2025-12-03 22:40:59,008 INFO [enhanced_twinkleScoreSheet]                Sheet.java:1583 | Stored /sheet#1/sheet#1.xml
2025-12-03 22:40:59,009 INFO [enhanced_twinkleScoreSheet]                 Book.java:2491 | Book stored as C:\Dev\Balik-Suling-Updated-FreelanceProject-main\backend\omr-out\1764772852290\enhanced_twinkleScoreSheet.omr
2025-12-03 22:40:59,035 INFO [enhanced_twinkleScoreSheet]            SheetStub.java:1660 | Disposed sheet
2025-12-03 22:40:59,077 INFO [enhanced_twinkleScoreSheet]                 Book.java:2018 | End of Stub#1 memory: 14,554,728
2025-12-03 22:40:59,078 INFO [enhanced_twinkleScoreSheet]                 Book.java:2025 | Book processed.
2025-12-03 22:40:59,079 INFO [enhanced_twinkleScoreSheet]                 Book.java:599  | Could not export since transcription did not complete successfully
