2025-12-03 23:38:40,741 INFO [enhanced_twinkleScoreSheet]                 Book.java:562  | 1 sheet in C:\Dev\Balik-Suling-Updated-FreelanceProject-main\backend\omr-out\1764776316803\enhanced_twinkleScoreSheet.tiff
2025-12-03 23:38:40,983 INFO []                 Book.java:2531 | Stored /book.xml
2025-12-03 23:38:40,983 INFO []                 Book.java:2491 | Book stored as C:\Dev\Balik-Suling-Updated-FreelanceProject-main\backend\omr-out\1764776316803\enhanced_twinkleScoreSheet.omr
2025-12-03 23:38:41,008 INFO []                 Book.java:1933 | Book reaching PAGE on sheets:[#1]
2025-12-03 23:38:41,025 INFO [enhanced_twinkleScoreSheet]       StepMonitoring.java:98   | LOAD
2025-12-03 23:38:41,249 INFO [enhanced_twinkleScoreSheet]            SheetStub.java:1273 | Loaded image #1 3300x4271 from C:\Dev\Balik-Suling-Updated-FreelanceProject-main\backend\omr-out\1764776316803\enhanced_twinkleScoreSheet.tiff
2025-12-03 23:38:41,255 INFO [enhanced_twinkleScoreSheet]            ImageUtil.java:124  | Converting max RGB to gray
2025-12-03 23:38:41,651 INFO [enhanced_twinkleScoreSheet]       StepMonitoring.java:98   | BINARY
2025-12-03 23:38:42,914 INFO [enhanced_twinkleScoreSheet]       StepMonitoring.java:98   | SCALE
2025-12-03 23:38:42,927 INFO [enhanced_twinkleScoreSheet]                 Book.java:545  | Created scores: []
2025-12-03 23:38:42,929 INFO [enhanced_twinkleScoreSheet]            SheetStub.java:1191 | Sheet enhanced_twinkleScoreSheet flagged as invalid.
2025-12-03 23:38:42,929 INFO [enhanced_twinkleScoreSheet]            SheetStub.java:1410 | StepException cause detected in [LOAD, BINARY, SCALE, GRID, HEADERS, STEM_SEEDS, BEAMS, LEDGERS, HEADS, STEMS, REDUCTION, CUE_BEAMS, TEXTS, MEASURES, CHORDS, CURVES, SYMBOLS, LINKS, RHYTHMS, PAGE]
2025-12-03 23:38:42,930 INFO [enhanced_twinkleScoreSheet]                 Book.java:2550 | Book{enhanced_twinkleScoreSheet} storing
2025-12-03 23:38:42,961 INFO [enhanced_twinkleScoreSheet]                 Book.java:2531 | Stored /book.xml
2025-12-03 23:38:43,202 INFO [enhanced_twinkleScoreSheet]           DataHolder.java:348  | Stored /sheet#1/BINARY.png
2025-12-03 23:38:43,628 INFO [enhanced_twinkleScoreSheet]                Sheet.java:1583 | Stored /sheet#1/sheet#1.xml
2025-12-03 23:38:43,628 INFO [enhanced_twinkleScoreSheet]                 Book.java:2491 | Book stored as C:\Dev\Balik-Suling-Updated-FreelanceProject-main\backend\omr-out\1764776316803\enhanced_twinkleScoreSheet.omr
2025-12-03 23:38:43,652 INFO [enhanced_twinkleScoreSheet]            SheetStub.java:1660 | Disposed sheet
2025-12-03 23:38:43,695 INFO [enhanced_twinkleScoreSheet]                 Book.java:2018 | End of Stub#1 memory: 14,606,920
2025-12-03 23:38:43,697 INFO [enhanced_twinkleScoreSheet]                 Book.java:2025 | Book processed.
2025-12-03 23:38:43,697 INFO [enhanced_twinkleScoreSheet]                 Book.java:599  | Could not export since transcription did not complete successfully
