2025-12-03 23:15:57,221 INFO [enhanced_Sheet-Music-Background-PNG]                 Book.java:562  | 1 sheet in C:\Dev\Balik-Suling-Updated-FreelanceProject-main\backend\omr-out\1764774949294\enhanced_Sheet-Music-Background-PNG.tiff
2025-12-03 23:15:57,591 INFO []                 Book.java:2531 | Stored /book.xml
2025-12-03 23:15:57,591 INFO []                 Book.java:2491 | Book stored as C:\Dev\Balik-Suling-Updated-FreelanceProject-main\backend\omr-out\1764774949294\enhanced_Sheet-Music-Background-PNG.omr
2025-12-03 23:15:57,601 INFO []                 Book.java:1933 | Book reaching PAGE on sheets:[#1]
2025-12-03 23:15:57,608 INFO [enhanced_Sheet-Music-Background-PNG]       StepMonitoring.java:98   | LOAD
2025-12-03 23:15:57,896 INFO [enhanced_Sheet-Music-Background-PNG]            SheetStub.java:1273 | Loaded image #1 3300x4271 from C:\Dev\Balik-Suling-Updated-FreelanceProject-main\backend\omr-out\1764774949294\enhanced_Sheet-Music-Background-PNG.tiff
2025-12-03 23:15:57,907 INFO [enhanced_Sheet-Music-Background-PNG]            ImageUtil.java:206  | Discarding alpha band ...
2025-12-03 23:15:58,630 INFO [enhanced_Sheet-Music-Background-PNG]            ImageUtil.java:124  | Converting max RGB to gray
2025-12-03 23:15:59,022 INFO [enhanced_Sheet-Music-Background-PNG]       StepMonitoring.java:98   | BINARY
2025-12-03 23:16:00,797 INFO [enhanced_Sheet-Music-Background-PNG]       StepMonitoring.java:98   | SCALE
2025-12-03 23:16:00,823 WARN [enhanced_Sheet-Music-Background-PNG]            SheetStub.java:412  | enhanced_Sheet-Music-Background-PNG

Too few black pixels: 0.08% of whole image.
This sheet is almost blank.

2025-12-03 23:16:00,826 INFO [enhanced_Sheet-Music-Background-PNG]                 Book.java:545  | Created scores: []
2025-12-03 23:16:00,826 INFO [enhanced_Sheet-Music-Background-PNG]            SheetStub.java:1191 | Sheet enhanced_Sheet-Music-Background-PNG flagged as invalid.
2025-12-03 23:16:00,826 INFO [enhanced_Sheet-Music-Background-PNG]            SheetStub.java:1410 | StepException cause detected in [LOAD, BINARY, SCALE, GRID, HEADERS, STEM_SEEDS, BEAMS, LEDGERS, HEADS, STEMS, REDUCTION, CUE_BEAMS, TEXTS, MEASURES, CHORDS, CURVES, SYMBOLS, LINKS, RHYTHMS, PAGE]
2025-12-03 23:16:00,826 INFO [enhanced_Sheet-Music-Background-PNG]                 Book.java:2550 | Book{enhanced_Sheet-Music-Background-PNG} storing
2025-12-03 23:16:00,855 INFO [enhanced_Sheet-Music-Background-PNG]                 Book.java:2531 | Stored /book.xml
2025-12-03 23:16:01,087 INFO [enhanced_Sheet-Music-Background-PNG]           DataHolder.java:348  | Stored /sheet#1/BINARY.png
2025-12-03 23:16:01,565 INFO [enhanced_Sheet-Music-Background-PNG]                Sheet.java:1583 | Stored /sheet#1/sheet#1.xml
2025-12-03 23:16:01,565 INFO [enhanced_Sheet-Music-Background-PNG]                 Book.java:2491 | Book stored as C:\Dev\Balik-Suling-Updated-FreelanceProject-main\backend\omr-out\1764774949294\enhanced_Sheet-Music-Background-PNG.omr
2025-12-03 23:16:01,571 INFO [enhanced_Sheet-Music-Background-PNG]            SheetStub.java:1660 | Disposed sheet
2025-12-03 23:16:01,605 INFO [enhanced_Sheet-Music-Background-PNG]                 Book.java:2018 | End of Stub#1 memory: 12,401,536
2025-12-03 23:16:01,615 INFO [enhanced_Sheet-Music-Background-PNG]                 Book.java:2025 | Book processed.
2025-12-03 23:16:01,615 INFO [enhanced_Sheet-Music-Background-PNG]                 Book.java:599  | Could not export since transcription did not complete successfully
