2025-11-23 20:51:41,917 INFO [1763902287002-allofme]                 Book.java:562  | 1 sheet in C:\Dev\Balik-Suling-Updated-FreelanceProject-main\backend\uploads\1763902287002-allofme.png
2025-11-23 20:51:42,300 INFO []                 Book.java:2531 | Stored /book.xml
2025-11-23 20:51:42,300 INFO []                 Book.java:2491 | Book stored as C:\Dev\Balik-Suling-Updated-FreelanceProject-main\backend\omr-out\1763902287195\1763902287002-allofme.omr
2025-11-23 20:51:42,326 INFO []                 Book.java:1933 | Book reaching PAGE on sheets:[#1]
2025-11-23 20:51:42,330 INFO [1763902287002-allofme]       StepMonitoring.java:98   | LOAD
2025-11-23 20:51:42,411 INFO [1763902287002-allofme]            SheetStub.java:1273 | Loaded image #1 850x1100 from C:\Dev\Balik-Suling-Updated-FreelanceProject-main\backend\uploads\1763902287002-allofme.png
2025-11-23 20:51:42,418 INFO [1763902287002-allofme]       StepMonitoring.java:98   | BINARY
2025-11-23 20:51:42,642 INFO [1763902287002-allofme]       StepMonitoring.java:98   | SCALE
2025-11-23 20:51:42,664 WARN [1763902287002-allofme]            SheetStub.java:412  | 1763902287002-allofme

 With a too low interline value of 7 pixels,
 either this sheet contains no multi-line staves,
 or the picture resolution is too low (try 300 DPI).

 This interline value is NOT RELIABLE!
2025-11-23 20:51:42,665 INFO [1763902287002-allofme]                 Book.java:545  | Created scores: []
2025-11-23 20:51:42,665 INFO [1763902287002-allofme]            SheetStub.java:1191 | Sheet 1763902287002-allofme flagged as invalid.
2025-11-23 20:51:42,666 INFO [1763902287002-allofme]            SheetStub.java:1410 | StepException cause detected in [LOAD, BINARY, SCALE, GRID, HEADERS, STEM_SEEDS, BEAMS, LEDGERS, HEADS, STEMS, REDUCTION, CUE_BEAMS, TEXTS, MEASURES, CHORDS, CURVES, SYMBOLS, LINKS, RHYTHMS, PAGE]
2025-11-23 20:51:42,666 INFO [1763902287002-allofme]                 Book.java:2550 | Book{1763902287002-allofme} storing
2025-11-23 20:51:42,686 INFO [1763902287002-allofme]                 Book.java:2531 | Stored /book.xml
2025-11-23 20:51:42,745 INFO [1763902287002-allofme]           DataHolder.java:348  | Stored /sheet#1/BINARY.png
2025-11-23 20:51:43,228 INFO [1763902287002-allofme]                Sheet.java:1583 | Stored /sheet#1/sheet#1.xml
2025-11-23 20:51:43,228 INFO [1763902287002-allofme]                 Book.java:2491 | Book stored as C:\Dev\Balik-Suling-Updated-FreelanceProject-main\backend\omr-out\1763902287195\1763902287002-allofme.omr
2025-11-23 20:51:43,244 INFO [1763902287002-allofme]            SheetStub.java:1660 | Disposed sheet
2025-11-23 20:51:43,282 INFO [1763902287002-allofme]                 Book.java:2018 | End of Stub#1 memory: 12,347,960
2025-11-23 20:51:43,283 INFO [1763902287002-allofme]                 Book.java:2025 | Book processed.
2025-11-23 20:51:43,285 INFO [1763902287002-allofme]                 Book.java:599  | Could not export since transcription did not complete successfully
