2025-11-25 20:28:49,544 INFO [enhanced_twinkleScoreSheet]                 Book.java:562  | 1 sheet in C:\Dev\Balik-Suling-Updated-FreelanceProject-main\backend\omr-out\1764073720033\enhanced_twinkleScoreSheet.tiff
2025-11-25 20:28:49,929 INFO []                 Book.java:2531 | Stored /book.xml
2025-11-25 20:28:49,930 INFO []                 Book.java:2491 | Book stored as C:\Dev\Balik-Suling-Updated-FreelanceProject-main\backend\omr-out\1764073720033\enhanced_twinkleScoreSheet.omr
2025-11-25 20:28:50,005 INFO []                 Book.java:1933 | Book reaching PAGE on sheets:[#1]
2025-11-25 20:28:50,035 INFO [enhanced_twinkleScoreSheet]       StepMonitoring.java:98   | LOAD
2025-11-25 20:28:50,448 INFO [enhanced_twinkleScoreSheet]            SheetStub.java:1273 | Loaded image #1 2480x3209 from C:\Dev\Balik-Suling-Updated-FreelanceProject-main\backend\omr-out\1764073720033\enhanced_twinkleScoreSheet.tiff
2025-11-25 20:28:50,448 INFO [enhanced_twinkleScoreSheet]            ImageUtil.java:124  | Converting max RGB to gray
2025-11-25 20:28:50,753 INFO [enhanced_twinkleScoreSheet]       StepMonitoring.java:98   | BINARY
2025-11-25 20:28:51,932 INFO [enhanced_twinkleScoreSheet]       StepMonitoring.java:98   | SCALE
2025-11-25 20:28:51,971 INFO [enhanced_twinkleScoreSheet]         ScaleBuilder.java:241  | Beam  guessed height: 10 -- 0.50 of 20 interline
2025-11-25 20:28:51,987 INFO [enhanced_twinkleScoreSheet]         ScaleBuilder.java:264  | Beam measured height: 13 -- 0.46 of [7..20] range at 54% of needed quorum
2025-11-25 20:28:51,987 WARN [enhanced_twinkleScoreSheet]         ScaleBuilder.java:293  | No reliable beam height found, guessed value: 10
2025-11-25 20:28:51,987 INFO [enhanced_twinkleScoreSheet]            ScaleStep.java:65   | Scale{ interline(20,20,21) line(5,7,7) beam(10 extra)}
2025-11-25 20:28:51,987 INFO [enhanced_twinkleScoreSheet]       StepMonitoring.java:98   | GRID
2025-11-25 20:28:52,924 INFO [enhanced_twinkleScoreSheet]       LinesRetriever.java:1500 | Global slope: 0.00064
2025-11-25 20:28:52,986 INFO [enhanced_twinkleScoreSheet]    ClustersRetriever.java:328  | Retrieved raw line clusters: 6 of sizes [5] with interline(20,20,21)
2025-11-25 20:28:53,290 INFO [enhanced_twinkleScoreSheet]            PeakGraph.java:310  | Systems: #1[1, 2] #2[3, 4] #3[5, 6]
2025-11-25 20:28:53,922 INFO [enhanced_twinkleScoreSheet]        SystemManager.java:779  | 1 part along 3 systems
2025-11-25 20:28:53,922 INFO [enhanced_twinkleScoreSheet]                 Book.java:545  | Created scores: [{Score 1}]
2025-11-25 20:28:53,922 INFO [enhanced_twinkleScoreSheet]       StepMonitoring.java:98   | HEADERS
2025-11-25 20:28:54,668 INFO [enhanced_twinkleScoreSheet]      BasicClassifier.java:277  | Classifier loaded XML norms.
2025-11-25 20:28:54,681 INFO [enhanced_twinkleScoreSheet]   AbstractClassifier.java:396  | Classifier data loaded from default uri jar:file:/C:/Program%20Files/Audiveris/app/audiveris.jar!/res/basic-classifier.zip
2025-11-25 20:28:56,209 INFO [enhanced_twinkleScoreSheet]       StepMonitoring.java:98   | STEM_SEEDS
2025-11-25 20:28:56,303 INFO [enhanced_twinkleScoreSheet]        StemSeedsStep.java:86   | stem(7 max:8)
2025-11-25 20:28:56,415 INFO [enhanced_twinkleScoreSheet]       StepMonitoring.java:98   | BEAMS
2025-11-25 20:29:00,772 INFO [enhanced_twinkleScoreSheet]       StepMonitoring.java:98   | LEDGERS
2025-11-25 20:29:00,974 INFO [enhanced_twinkleScoreSheet]       StepMonitoring.java:98   | HEADS
2025-11-25 20:29:07,123 INFO [enhanced_twinkleScoreSheet]        HeadSeedTally.java:235  | Scale information: HeadSeeds{NOTEHEAD_VOID[L:-1.7,R:-1.6] NOTEHEAD_BLACK[L:-1.7,R:-1.8]}
2025-11-25 20:29:07,123 INFO [enhanced_twinkleScoreSheet]       StepMonitoring.java:98   | STEMS
2025-11-25 20:29:08,141 INFO [enhanced_twinkleScoreSheet]       StepMonitoring.java:98   | REDUCTION
2025-11-25 20:29:08,308 INFO [enhanced_twinkleScoreSheet]        ReductionStep.java:105  | Stems free length median value: 71 pixels, 3.6 interlines
2025-11-25 20:29:08,317 INFO [enhanced_twinkleScoreSheet]       StepMonitoring.java:98   | CUE_BEAMS
2025-11-25 20:29:08,317 INFO [enhanced_twinkleScoreSheet]         CueBeamsStep.java:81   | Step CUE_BEAMS is skipped because small heads switch is off
2025-11-25 20:29:08,317 INFO [enhanced_twinkleScoreSheet]       StepMonitoring.java:98   | TEXTS
2025-11-25 20:29:09,666 INFO [enhanced_twinkleScoreSheet]       StepMonitoring.java:98   | MEASURES
2025-11-25 20:29:09,693 INFO [enhanced_twinkleScoreSheet]                 Page.java:307  | 12 raw measures: [4 in system#1, 4 in system#2, 4 in system#3]
2025-11-25 20:29:09,693 INFO [enhanced_twinkleScoreSheet]       StepMonitoring.java:98   | CHORDS
2025-11-25 20:29:09,718 INFO [enhanced_twinkleScoreSheet]       StepMonitoring.java:98   | CURVES
2025-11-25 20:29:11,270 INFO [enhanced_twinkleScoreSheet]         SlursBuilder.java:240  | Slurs: 1
2025-11-25 20:29:11,283 INFO [enhanced_twinkleScoreSheet]      SegmentsBuilder.java:155  | Segments: 1
2025-11-25 20:29:11,295 INFO [enhanced_twinkleScoreSheet]       StepMonitoring.java:98   | SYMBOLS
2025-11-25 20:29:12,217 INFO [enhanced_twinkleScoreSheet]       StepMonitoring.java:98   | LINKS
2025-11-25 20:29:12,309 INFO [enhanced_twinkleScoreSheet]       StepMonitoring.java:98   | RHYTHMS
2025-11-25 20:29:12,411 INFO [enhanced_twinkleScoreSheet]                Voice.java:257  | Measure{#10} Voice{#6 excess:1/4} too long
2025-11-25 20:29:12,413 INFO [enhanced_twinkleScoreSheet]          StackRhythm.java:224  | S3 MeasureStack#10 no correct rhythm
2025-11-25 20:29:12,423 INFO [enhanced_twinkleScoreSheet]       StepMonitoring.java:98   | PAGE
2025-11-25 20:29:12,442 INFO [enhanced_twinkleScoreSheet]                Voice.java:257  | Measure{#10} Voice{#6 excess:1/4} too long
2025-11-25 20:29:12,442 INFO [enhanced_twinkleScoreSheet]                 Book.java:2550 | Book{enhanced_twinkleScoreSheet} storing
2025-11-25 20:29:12,503 INFO [enhanced_twinkleScoreSheet]                 Book.java:2531 | Stored /book.xml
2025-11-25 20:29:12,755 INFO [enhanced_twinkleScoreSheet]           DataHolder.java:348  | Stored /sheet#1/BINARY.png
2025-11-25 20:29:13,583 INFO [enhanced_twinkleScoreSheet]                Sheet.java:1583 | Stored /sheet#1/sheet#1.xml
2025-11-25 20:29:13,583 INFO [enhanced_twinkleScoreSheet]                 Book.java:2491 | Book stored as C:\Dev\Balik-Suling-Updated-FreelanceProject-main\backend\omr-out\1764073720033\enhanced_twinkleScoreSheet.omr
2025-11-25 20:29:13,608 INFO [enhanced_twinkleScoreSheet]            SheetStub.java:1660 | Disposed sheet
2025-11-25 20:29:13,686 INFO [enhanced_twinkleScoreSheet]                 Book.java:2018 | End of Stub#1 memory: 32,358,440
2025-11-25 20:29:13,696 INFO [enhanced_twinkleScoreSheet]                 Book.java:2025 | Book processed.
2025-11-25 20:29:14,351 INFO [enhanced_twinkleScoreSheet]            SheetStub.java:997  | Loaded /sheet#1/sheet#1.xml
2025-11-25 20:29:15,398 INFO [enhanced_twinkleScoreSheet]      PartwiseBuilder.java:2661 | Exporting sheet(s): [#1]
2025-11-25 20:29:15,575 INFO [enhanced_twinkleScoreSheet]        ScoreExporter.java:164  | Score enhanced_twinkleScoreSheet exported to C:\Dev\Balik-Suling-Updated-FreelanceProject-main\backend\omr-out\1764073720033\enhanced_twinkleScoreSheet.mxl
2025-11-25 20:29:15,638 INFO [enhanced_twinkleScoreSheet]                Score.java:181  | Closing {Score 1}
