2025-12-03 20:14:36,359 INFO [enhanced_twinkleScoreSheet]                 Book.java:562  | 1 sheet in C:\Dev\Balik-Suling-Updated-FreelanceProject-main\backend\omr-out\1764764070724\enhanced_twinkleScoreSheet.tiff
2025-12-03 20:14:36,815 INFO []                 Book.java:2531 | Stored /book.xml
2025-12-03 20:14:36,816 INFO []                 Book.java:2491 | Book stored as C:\Dev\Balik-Suling-Updated-FreelanceProject-main\backend\omr-out\1764764070724\enhanced_twinkleScoreSheet.omr
2025-12-03 20:14:36,830 INFO []                 Book.java:1933 | Book reaching PAGE on sheets:[#1]
2025-12-03 20:14:36,846 INFO [enhanced_twinkleScoreSheet]       StepMonitoring.java:98   | LOAD
2025-12-03 20:14:37,119 INFO [enhanced_twinkleScoreSheet]            SheetStub.java:1273 | Loaded image #1 2480x3209 from C:\Dev\Balik-Suling-Updated-FreelanceProject-main\backend\omr-out\1764764070724\enhanced_twinkleScoreSheet.tiff
2025-12-03 20:14:37,128 INFO [enhanced_twinkleScoreSheet]            ImageUtil.java:124  | Converting max RGB to gray
2025-12-03 20:14:37,485 INFO [enhanced_twinkleScoreSheet]       StepMonitoring.java:98   | BINARY
2025-12-03 20:14:38,610 INFO [enhanced_twinkleScoreSheet]       StepMonitoring.java:98   | SCALE
2025-12-03 20:14:38,660 INFO [enhanced_twinkleScoreSheet]         ScaleBuilder.java:241  | Beam  guessed height: 10 -- 0.50 of 20 interline
2025-12-03 20:14:38,665 INFO [enhanced_twinkleScoreSheet]         ScaleBuilder.java:264  | Beam measured height: 13 -- 0.46 of [7..20] range at 54% of needed quorum
2025-12-03 20:14:38,666 WARN [enhanced_twinkleScoreSheet]         ScaleBuilder.java:293  | No reliable beam height found, guessed value: 10
2025-12-03 20:14:38,667 INFO [enhanced_twinkleScoreSheet]            ScaleStep.java:65   | Scale{ interline(20,20,21) line(5,7,7) beam(10 extra)}
2025-12-03 20:14:38,670 INFO [enhanced_twinkleScoreSheet]       StepMonitoring.java:98   | GRID
2025-12-03 20:14:39,764 INFO [enhanced_twinkleScoreSheet]       LinesRetriever.java:1500 | Global slope: 0.00064
2025-12-03 20:14:39,935 INFO [enhanced_twinkleScoreSheet]    ClustersRetriever.java:328  | Retrieved raw line clusters: 6 of sizes [5] with interline(20,20,21)
2025-12-03 20:14:40,469 INFO [enhanced_twinkleScoreSheet]            PeakGraph.java:310  | Systems: #1[1, 2] #2[3, 4] #3[5, 6]
2025-12-03 20:14:41,284 INFO [enhanced_twinkleScoreSheet]        SystemManager.java:779  | 1 part along 3 systems
2025-12-03 20:14:41,286 INFO [enhanced_twinkleScoreSheet]                 Book.java:545  | Created scores: [{Score 1}]
2025-12-03 20:14:41,287 INFO [enhanced_twinkleScoreSheet]       StepMonitoring.java:98   | HEADERS
2025-12-03 20:14:42,070 INFO [enhanced_twinkleScoreSheet]      BasicClassifier.java:277  | Classifier loaded XML norms.
2025-12-03 20:14:42,081 INFO [enhanced_twinkleScoreSheet]   AbstractClassifier.java:396  | Classifier data loaded from default uri jar:file:/C:/Program%20Files/Audiveris/app/audiveris.jar!/res/basic-classifier.zip
2025-12-03 20:14:44,399 INFO [enhanced_twinkleScoreSheet]       StepMonitoring.java:98   | STEM_SEEDS
2025-12-03 20:14:44,579 INFO [enhanced_twinkleScoreSheet]        StemSeedsStep.java:86   | stem(7 max:8)
2025-12-03 20:14:44,915 INFO [enhanced_twinkleScoreSheet]       StepMonitoring.java:98   | BEAMS
2025-12-03 20:14:48,919 INFO [enhanced_twinkleScoreSheet]       StepMonitoring.java:98   | LEDGERS
2025-12-03 20:14:49,157 INFO [enhanced_twinkleScoreSheet]       StepMonitoring.java:98   | HEADS
2025-12-03 20:14:55,279 INFO [enhanced_twinkleScoreSheet]        HeadSeedTally.java:235  | Scale information: HeadSeeds{NOTEHEAD_VOID[L:-1.7,R:-1.6] NOTEHEAD_BLACK[L:-1.7,R:-1.8]}
2025-12-03 20:14:55,282 INFO [enhanced_twinkleScoreSheet]       StepMonitoring.java:98   | STEMS
2025-12-03 20:14:57,732 INFO [enhanced_twinkleScoreSheet]       StepMonitoring.java:98   | REDUCTION
2025-12-03 20:14:57,918 INFO [enhanced_twinkleScoreSheet]        ReductionStep.java:105  | Stems free length median value: 71 pixels, 3.6 interlines
2025-12-03 20:14:57,933 INFO [enhanced_twinkleScoreSheet]       StepMonitoring.java:98   | CUE_BEAMS
2025-12-03 20:14:57,934 INFO [enhanced_twinkleScoreSheet]         CueBeamsStep.java:81   | Step CUE_BEAMS is skipped because small heads switch is off
2025-12-03 20:14:57,935 INFO [enhanced_twinkleScoreSheet]       StepMonitoring.java:98   | TEXTS
2025-12-03 20:14:59,597 INFO [enhanced_twinkleScoreSheet]       StepMonitoring.java:98   | MEASURES
2025-12-03 20:14:59,628 INFO [enhanced_twinkleScoreSheet]                 Page.java:307  | 12 raw measures: [4 in system#1, 4 in system#2, 4 in system#3]
2025-12-03 20:14:59,629 INFO [enhanced_twinkleScoreSheet]       StepMonitoring.java:98   | CHORDS
2025-12-03 20:14:59,665 INFO [enhanced_twinkleScoreSheet]       StepMonitoring.java:98   | CURVES
2025-12-03 20:15:01,369 INFO [enhanced_twinkleScoreSheet]         SlursBuilder.java:240  | Slurs: 1
2025-12-03 20:15:01,404 INFO [enhanced_twinkleScoreSheet]      SegmentsBuilder.java:155  | Segments: 1
2025-12-03 20:15:01,435 INFO [enhanced_twinkleScoreSheet]       StepMonitoring.java:98   | SYMBOLS
2025-12-03 20:15:02,517 INFO [enhanced_twinkleScoreSheet]       StepMonitoring.java:98   | LINKS
2025-12-03 20:15:02,626 INFO [enhanced_twinkleScoreSheet]       StepMonitoring.java:98   | RHYTHMS
2025-12-03 20:15:02,776 INFO [enhanced_twinkleScoreSheet]                Voice.java:257  | Measure{#10} Voice{#6 excess:1/4} too long
2025-12-03 20:15:02,779 INFO [enhanced_twinkleScoreSheet]          StackRhythm.java:224  | S3 MeasureStack#10 no correct rhythm
2025-12-03 20:15:02,800 INFO [enhanced_twinkleScoreSheet]       StepMonitoring.java:98   | PAGE
2025-12-03 20:15:02,828 INFO [enhanced_twinkleScoreSheet]                Voice.java:257  | Measure{#10} Voice{#6 excess:1/4} too long
2025-12-03 20:15:02,832 INFO [enhanced_twinkleScoreSheet]                 Book.java:2550 | Book{enhanced_twinkleScoreSheet} storing
2025-12-03 20:15:02,920 INFO [enhanced_twinkleScoreSheet]                 Book.java:2531 | Stored /book.xml
2025-12-03 20:15:03,110 INFO [enhanced_twinkleScoreSheet]           DataHolder.java:348  | Stored /sheet#1/BINARY.png
2025-12-03 20:15:04,357 INFO [enhanced_twinkleScoreSheet]                Sheet.java:1583 | Stored /sheet#1/sheet#1.xml
2025-12-03 20:15:04,361 INFO [enhanced_twinkleScoreSheet]                 Book.java:2491 | Book stored as C:\Dev\Balik-Suling-Updated-FreelanceProject-main\backend\omr-out\1764764070724\enhanced_twinkleScoreSheet.omr
2025-12-03 20:15:04,377 INFO [enhanced_twinkleScoreSheet]            SheetStub.java:1660 | Disposed sheet
2025-12-03 20:15:04,516 INFO [enhanced_twinkleScoreSheet]                 Book.java:2018 | End of Stub#1 memory: 32,332,352
2025-12-03 20:15:04,519 INFO [enhanced_twinkleScoreSheet]                 Book.java:2025 | Book processed.
2025-12-03 20:15:05,470 INFO [enhanced_twinkleScoreSheet]            SheetStub.java:997  | Loaded /sheet#1/sheet#1.xml
2025-12-03 20:15:06,990 INFO [enhanced_twinkleScoreSheet]      PartwiseBuilder.java:2661 | Exporting sheet(s): [#1]
2025-12-03 20:15:07,218 INFO [enhanced_twinkleScoreSheet]        ScoreExporter.java:164  | Score enhanced_twinkleScoreSheet exported to C:\Dev\Balik-Suling-Updated-FreelanceProject-main\backend\omr-out\1764764070724\enhanced_twinkleScoreSheet.mxl
2025-12-03 20:15:07,313 INFO [enhanced_twinkleScoreSheet]                Score.java:181  | Closing {Score 1}
