2025-12-03 23:52:51,702 INFO [enhanced_balanced]                 Book.java:562  | 1 sheet in C:\Dev\Balik-Suling-Updated-FreelanceProject-main\backend\omr-out\1764777159404\enhanced_balanced.tiff
2025-12-03 23:52:52,057 INFO []                 Book.java:2531 | Stored /book.xml
2025-12-03 23:52:52,057 INFO []                 Book.java:2491 | Book stored as C:\Dev\Balik-Suling-Updated-FreelanceProject-main\backend\omr-out\1764777159404\enhanced_balanced.omr
2025-12-03 23:52:52,068 INFO []                 Book.java:1933 | Book reaching PAGE on sheets:[#1]
2025-12-03 23:52:52,074 INFO [enhanced_balanced]       StepMonitoring.java:98   | LOAD
2025-12-03 23:52:52,422 INFO [enhanced_balanced]            SheetStub.java:1273 | Loaded image #1 3300x4668 from C:\Dev\Balik-Suling-Updated-FreelanceProject-main\backend\omr-out\1764777159404\enhanced_balanced.tiff
2025-12-03 23:52:52,427 INFO [enhanced_balanced]            ImageUtil.java:124  | Converting max RGB to gray
2025-12-03 23:52:52,976 INFO [enhanced_balanced]       StepMonitoring.java:98   | BINARY
2025-12-03 23:52:54,875 INFO [enhanced_balanced]       StepMonitoring.java:98   | SCALE
2025-12-03 23:52:54,933 INFO [enhanced_balanced]         ScaleBuilder.java:241  | Beam  guessed height: 12 -- 0.50 of 24 interline
2025-12-03 23:52:54,935 INFO [enhanced_balanced]         ScaleBuilder.java:264  | Beam measured height: 12 -- 0.29 of [7..24] range at 153% of needed quorum
2025-12-03 23:52:54,937 INFO [enhanced_balanced]            ScaleStep.java:65   | Scale{ interline(22,24,26) line(2,3,6) beam(12)}
2025-12-03 23:52:54,940 INFO [enhanced_balanced]       StepMonitoring.java:98   | GRID
2025-12-03 23:52:57,886 INFO [enhanced_balanced]       LinesRetriever.java:1500 | Global slope: 0.00000
2025-12-03 23:52:58,095 INFO [enhanced_balanced]    ClustersRetriever.java:328  | Retrieved raw line clusters: 11 of sizes [5] with interline(22,24,26)
2025-12-03 23:53:02,004 INFO [enhanced_balanced]            PeakGraph.java:310  | Systems: #1[1, 2] #2[3] #3[4, 5] #4[6] #5[7, 8] #6[9] #7[10, 11]
2025-12-03 23:53:06,453 INFO [enhanced_balanced]        SystemManager.java:134  | Indentation detected for system #1
2025-12-03 23:53:06,454 INFO [enhanced_balanced]        SystemManager.java:779  | 2 parts along 7 systems
2025-12-03 23:53:06,455 INFO [enhanced_balanced]                 Book.java:545  | Created scores: [{Score 1}]
2025-12-03 23:53:06,456 INFO [enhanced_balanced]       StepMonitoring.java:98   | HEADERS
2025-12-03 23:53:06,983 INFO [enhanced_balanced]      BasicClassifier.java:277  | Classifier loaded XML norms.
2025-12-03 23:53:06,988 INFO [enhanced_balanced]   AbstractClassifier.java:396  | Classifier data loaded from default uri jar:file:/C:/Program%20Files/Audiveris/app/audiveris.jar!/res/basic-classifier.zip
2025-12-03 23:53:08,811 INFO [enhanced_balanced]           KeyBuilder.java:1038 | Staff#4 key slice#3 pitch adjusted from 0.5 to 1
2025-12-03 23:53:11,034 INFO [enhanced_balanced]       StepMonitoring.java:98   | STEM_SEEDS
2025-12-03 23:53:11,274 INFO [enhanced_balanced]        StemSeedsStep.java:86   | stem(3 max:6)
2025-12-03 23:53:11,487 INFO [enhanced_balanced]       StepMonitoring.java:98   | BEAMS
2025-12-03 23:53:21,734 INFO [enhanced_balanced]       StepMonitoring.java:98   | LEDGERS
2025-12-03 23:53:24,616 INFO [enhanced_balanced]       StepMonitoring.java:98   | HEADS
2025-12-03 23:53:40,768 INFO [enhanced_balanced]        HeadSeedTally.java:235  | Scale information: HeadSeeds{NOTEHEAD_VOID[R:1.0] NOTEHEAD_BLACK[L:0.7,R:0.9]}
2025-12-03 23:53:40,770 INFO [enhanced_balanced]       StepMonitoring.java:98   | STEMS
2025-12-03 23:53:44,692 INFO [enhanced_balanced]       StepMonitoring.java:98   | REDUCTION
2025-12-03 23:53:44,983 INFO [enhanced_balanced]        ReductionStep.java:105  | Stems free length median value: 76 pixels, 3.2 interlines
2025-12-03 23:53:44,993 INFO [enhanced_balanced]       StepMonitoring.java:98   | CUE_BEAMS
2025-12-03 23:53:44,994 INFO [enhanced_balanced]         CueBeamsStep.java:81   | Step CUE_BEAMS is skipped because small heads switch is off
2025-12-03 23:53:44,995 INFO [enhanced_balanced]       StepMonitoring.java:98   | TEXTS
2025-12-03 23:53:51,388 INFO [enhanced_balanced]       StepMonitoring.java:98   | MEASURES
2025-12-03 23:53:51,396 INFO [enhanced_balanced]      MeasuresBuilder.java:416  | S1 partial barline column: s1:G(x:2020,y:904)[12]
2025-12-03 23:53:51,396 INFO [enhanced_balanced]      MeasuresBuilder.java:428  | S1 deleting   half column: s1:G(x:2020,y:904)[12]
2025-12-03 23:53:51,418 INFO [enhanced_balanced]                 Page.java:307  | 25 raw measures: [2 in system#1, 5 in system#2, 4 in system#3, 4 in system#4, 3 in system#5, 4 in system#6, 3 in system#7]
2025-12-03 23:53:51,419 INFO [enhanced_balanced]       StepMonitoring.java:98   | CHORDS
2025-12-03 23:53:51,450 INFO [enhanced_balanced]       StepMonitoring.java:98   | CURVES
2025-12-03 23:53:56,389 INFO [enhanced_balanced]        CurvesBuilder.java:532  | Curve: SlurInfo{#4346[1953,855][2018,856] dist:1.61} Too many rookies: 54, giving up!
2025-12-03 23:53:56,561 INFO [enhanced_balanced]        CurvesBuilder.java:532  | Curve: SlurInfo{#4852[1620,3635][1681,3635] dist:2.24} Too many rookies: 62, giving up!
2025-12-03 23:53:56,627 INFO [enhanced_balanced]        CurvesBuilder.java:532  | Curve: SlurInfo{#4852[1620,3635][1681,3635] dist:0.95} Too many rookies: 52, giving up!
2025-12-03 23:53:56,893 INFO [enhanced_balanced]        CurvesBuilder.java:532  | Curve: SlurInfo{#5657[1723,3152][1782,3150] dist:1.71} Too many rookies: 50, giving up!
2025-12-03 23:53:57,061 INFO [enhanced_balanced]        CurvesBuilder.java:532  | Curve: SlurInfo{#6023[2836,902][2894,902] dist:2.67} Too many rookies: 66, giving up!
2025-12-03 23:53:57,555 INFO [enhanced_balanced]        CurvesBuilder.java:532  | Curve: SlurInfo{#7091[713,2621][766,2619] dist:1.69} Too many rookies: 58, giving up!
2025-12-03 23:53:58,030 INFO [enhanced_balanced]        CurvesBuilder.java:532  | Curve: SlurInfo{#8187[1347,2226][1396,2228] dist:4.90} Too many rookies: 57, giving up!
2025-12-03 23:53:58,327 INFO [enhanced_balanced]        CurvesBuilder.java:532  | Curve: SlurInfo{#9257[2194,2904][2240,2904] dist:3.69} Too many rookies: 66, giving up!
2025-12-03 23:53:58,603 INFO [enhanced_balanced]        CurvesBuilder.java:532  | Curve: SlurInfo{#10529[612,2620][653,2620] dist:0.97} Too many rookies: 70, giving up!
2025-12-03 23:53:59,112 INFO [enhanced_balanced]        CurvesBuilder.java:532  | Curve: SlurInfo{#12800[1430,3150][1462,3151] dist:2.43} Too many rookies: 54, giving up!
2025-12-03 23:53:59,396 INFO [enhanced_balanced]        CurvesBuilder.java:532  | Curve: SlurInfo{#13970[1436,2905][1465,2904] dist:5.28} Too many rookies: 56, giving up!
2025-12-03 23:53:59,462 INFO [enhanced_balanced]        CurvesBuilder.java:532  | Curve: SlurInfo{#14236[1721,2905][1750,2905] dist:2.07} Too many rookies: 62, giving up!
2025-12-03 23:53:59,802 INFO [enhanced_balanced]        CurvesBuilder.java:532  | Curve: SlurInfo{#15539[3107,901][3133,902] dist:3.02} Too many rookies: 51, giving up!
2025-12-03 23:53:59,950 INFO [enhanced_balanced]        CurvesBuilder.java:532  | Curve: SlurInfo{#16490[1641,3224][1664,3222] dist:3.52} Too many rookies: 68, giving up!
2025-12-03 23:54:00,818 INFO [enhanced_balanced]        CurvesBuilder.java:532  | Curve: SlurInfo{#23932[558,2621][574,2620] dist:1.34} Too many rookies: 61, giving up!
2025-12-03 23:54:02,042 INFO [enhanced_balanced]        CurvesBuilder.java:532  | Curve: SlurInfo{#31397[2175,2178][2187,2179] dist:5.80} Too many rookies: 54, giving up!
2025-12-03 23:54:02,234 INFO [enhanced_balanced]         SlursBuilder.java:240  | Slurs: 48
2025-12-03 23:54:02,608 INFO [enhanced_balanced]        CurvesBuilder.java:532  | Curve: SegmentInfo{#343[1052,3635][1083,3635] dist:0.48} Too many rookies: 94, giving up!
2025-12-03 23:54:02,718 INFO [enhanced_balanced]        CurvesBuilder.java:532  | Curve: SegmentInfo{#659[1895,2904][1925,2904] dist:0.57} Too many rookies: 56, giving up!
2025-12-03 23:54:02,728 INFO [enhanced_balanced]      SegmentsBuilder.java:155  | Segments: 27
2025-12-03 23:54:02,758 INFO [enhanced_balanced]       StepMonitoring.java:98   | SYMBOLS
2025-12-03 23:54:08,008 INFO [enhanced_balanced]       StepMonitoring.java:98   | LINKS
2025-12-03 23:54:08,030 INFO [enhanced_balanced]        SymbolsLinker.java:257  | No chord linked to OctaveShiftInter#11567{(0.306) staff:2 QUINDICESIMA BASSA}
2025-12-03 23:54:08,171 INFO [enhanced_balanced]       StepMonitoring.java:98   | RHYTHMS
2025-12-03 23:54:08,259 INFO [enhanced_balanced]        MeasureRhythm.java:1277 | Measure{#1} Time inconsistency in {3/4=[HeadChordInter#8093{(0.917/0.917) staff:2 slot#10 off:3/4 dur:1/8}], 1=[HeadChordInter#8080{(0.970/0.970) staff:1 slot#10 off:1 dur:1/8}]}
2025-12-03 23:54:08,260 INFO [enhanced_balanced]        MeasureRhythm.java:1277 | Measure{#1} Time inconsistency in {7/8=[HeadChordInter#8094{(0.888/0.888) staff:2 slot#11 off:7/8 dur:1/8}], 9/8=[HeadChordInter#8081{(0.879/0.879) staff:1 slot#11 off:9/8 dur:1/2}]}
2025-12-03 23:54:08,297 INFO [enhanced_balanced]                Voice.java:257  | Measure{#11P1} Voice{#1 excess:1/8} too long
2025-12-03 23:54:08,298 INFO [enhanced_balanced]                Voice.java:257  | Measure{#11P1} Voice{#2 excess:1/8} too long
2025-12-03 23:54:08,300 INFO [enhanced_balanced]          StackRhythm.java:224  | S3 MeasureStack#11 no correct rhythm
2025-12-03 23:54:08,317 INFO [enhanced_balanced]        MeasureRhythm.java:1045 | Measure{#16P1} No timeOffset for HeadChordInter#8171{(0.931/0.931) staff:7 slot#3 dur:1/4}
2025-12-03 23:54:08,318 INFO [enhanced_balanced]   AbstractChordInter.java:627  | Measure{#16P1} No timeOffset for HeadChordInter#8171{(0.931/0.931) staff:7 slot#3 dur:1/4}
2025-12-03 23:54:08,319 INFO [enhanced_balanced]   AbstractChordInter.java:627  | Measure{#16P1} No timeOffset for RestChordInter#12421{(0.686/0.686) staff:7 slot#5 dur:1/8}
2025-12-03 23:54:08,320 INFO [enhanced_balanced]   AbstractChordInter.java:627  | Measure{#16P1} No timeOffset for HeadChordInter#8173{(0.885/0.885) staff:7 slot#6 dur:1/4}
2025-12-03 23:54:08,321 INFO [enhanced_balanced]   AbstractChordInter.java:627  | Measure{#16P1} No timeOffset for HeadChordInter#8175{(0.866/0.866) staff:7 slot#8 dur:1/8}
2025-12-03 23:54:08,324 INFO [enhanced_balanced]   AbstractChordInter.java:627  | Measure{#16P1} No timeOffset for HeadChordInter#8177{(0.901/0.901) staff:7 slot#10 dur:1/8}
2025-12-03 23:54:08,325 INFO [enhanced_balanced]                Voice.java:257  | Measure{#16P1} Voice{#1 excess:3/4} too long
2025-12-03 23:54:08,328 INFO [enhanced_balanced]        MeasureRhythm.java:1045 | Measure{#16P2} No timeOffset for HeadChordInter#8198{(0.885/0.885) staff:8 slot#8 dur:1/4}
2025-12-03 23:54:08,329 INFO [enhanced_balanced]   AbstractChordInter.java:627  | Measure{#16P2} No timeOffset for HeadChordInter#8198{(0.885/0.885) staff:8 slot#8 dur:1/4}
2025-12-03 23:54:08,330 INFO [enhanced_balanced]   AbstractChordInter.java:627  | Measure{#16P2} No timeOffset for HeadChordInter#8199{(0.927/0.927) staff:8 slot#9 dur:1/4}
2025-12-03 23:54:08,331 INFO [enhanced_balanced]                Voice.java:257  | Measure{#16P2} Voice{#1 excess:1/8} too long
2025-12-03 23:54:08,332 INFO [enhanced_balanced]          StackRhythm.java:224  | S5 MeasureStack#16 no correct rhythm
2025-12-03 23:54:08,339 INFO [enhanced_balanced]        MeasureRhythm.java:1045 | Measure{#18P1} No timeOffset for HeadChordInter#8185{(0.931/0.931) staff:7 slot#2 dur:1/8}
2025-12-03 23:54:08,341 INFO [enhanced_balanced]   AbstractChordInter.java:627  | Measure{#18P1} No timeOffset for HeadChordInter#8187{(0.918/0.918) staff:7 slot#4 dur:3/8}
2025-12-03 23:54:08,343 INFO [enhanced_balanced]          StackRhythm.java:224  | S5 MeasureStack#18 no correct rhythm
2025-12-03 23:54:08,349 INFO [enhanced_balanced]                Voice.java:257  | Measure{#22} Voice{#1 excess:3/8} too long
2025-12-03 23:54:08,350 INFO [enhanced_balanced]          StackRhythm.java:224  | S6 MeasureStack#22 no correct rhythm
2025-12-03 23:54:08,353 INFO [enhanced_balanced]                Voice.java:257  | Measure{#23P1} Voice{#2 excess:1/8} too long
2025-12-03 23:54:08,355 INFO [enhanced_balanced]          StackRhythm.java:224  | S7 MeasureStack#23 no correct rhythm
2025-12-03 23:54:08,360 INFO [enhanced_balanced]                Voice.java:257  | Measure{#24P1} Voice{#1 excess:1/16} too long
2025-12-03 23:54:08,361 INFO [enhanced_balanced]                Voice.java:257  | Measure{#24P1} Voice{#3 excess:1/8} too long
2025-12-03 23:54:08,363 INFO [enhanced_balanced]          StackRhythm.java:224  | S7 MeasureStack#24 no correct rhythm
2025-12-03 23:54:08,372 INFO [enhanced_balanced]                Voice.java:257  | Measure{#25P1} Voice{#2 excess:3/8} too long
2025-12-03 23:54:08,373 INFO [enhanced_balanced]                Voice.java:257  | Measure{#25P1} Voice{#3 excess:5/8} too long
2025-12-03 23:54:08,373 INFO [enhanced_balanced]                Voice.java:257  | Measure{#25P1} Voice{#4 excess:3/4} too long
2025-12-03 23:54:08,375 INFO [enhanced_balanced]                Voice.java:257  | Measure{#25P1} Voice{#5 excess:3/4} too long
2025-12-03 23:54:08,377 INFO [enhanced_balanced]        MeasureRhythm.java:1045 | Measure{#25P2} No timeOffset for HeadChordInter#8266{(0.940/0.940) staff:11 slot#5 dur:1/4}
2025-12-03 23:54:08,378 INFO [enhanced_balanced]   AbstractChordInter.java:627  | Measure{#25P2} No timeOffset for HeadChordInter#8266{(0.940/0.940) staff:11 slot#5 dur:1/4}
2025-12-03 23:54:08,380 INFO [enhanced_balanced]          StackRhythm.java:224  | S7 MeasureStack#25 no correct rhythm
2025-12-03 23:54:08,381 INFO [enhanced_balanced]       StepMonitoring.java:98   | PAGE
2025-12-03 23:54:08,386 INFO [enhanced_balanced]       SheetReduction.java:154  | Gutter. Different glyphs 4/5 ArticulationInter#12177{(0.798/0.839) STACCATO} vs RestInter#12346{(0.686/0.686) staff:7 EIGHTH_REST p:-12.5}
2025-12-03 23:54:08,386 INFO [enhanced_balanced]       SheetReduction.java:154  | Gutter. Different glyphs 4/5 LyricItemInter#7822{(0.659/0.659) staff:6 LYRICS "in'" font:S-58 Syllable} vs DynamicsInter#12381{(0.593/0.593) DYNAMICS_SF}
2025-12-03 23:54:08,387 INFO [enhanced_balanced]       SheetReduction.java:154  | Gutter. Different glyphs 4/5 LyricItemInter#7826{(0.793/0.793) staff:6 LYRICS "-" font:I-39 Hyphen} vs ArticulationInter#12390{(0.440/0.560) TENUTO}
2025-12-03 23:54:08,388 INFO [enhanced_balanced]       SheetReduction.java:154  | Gutter. Different glyphs 4/5 TupletInter#12247{(0.362/0.617) staff:6 TUPLET_THREE} vs ArticulationInter#12405{(0.799/0.861) STACCATO}
2025-12-03 23:54:08,410 WARN [enhanced_balanced]         MeasureFixer.java:343  | System#1 No target duration for measures local IDs [1, 2], please check time signatures
2025-12-03 23:54:08,412 INFO [enhanced_balanced]                Voice.java:257  | Measure{#16P1} Voice{#1 excess:3/4} too long
2025-12-03 23:54:08,412 INFO [enhanced_balanced]                Voice.java:257  | Measure{#16P2} Voice{#1 excess:1/8} too long
2025-12-03 23:54:08,414 INFO [enhanced_balanced]                Voice.java:257  | Measure{#22} Voice{#1 excess:3/8} too long
2025-12-03 23:54:08,416 INFO [enhanced_balanced]                Voice.java:257  | Measure{#23P1} Voice{#2 excess:1/8} too long
2025-12-03 23:54:08,416 INFO [enhanced_balanced]                Voice.java:257  | Measure{#24P1} Voice{#1 excess:1/16} too long
2025-12-03 23:54:08,416 INFO [enhanced_balanced]                Voice.java:257  | Measure{#24P1} Voice{#3 excess:1/8} too long
2025-12-03 23:54:08,417 INFO [enhanced_balanced]                Voice.java:257  | Measure{#25P1} Voice{#1 excess:3/8} too long
2025-12-03 23:54:08,417 INFO [enhanced_balanced]                Voice.java:257  | Measure{#25P1} Voice{#3 excess:5/8} too long
2025-12-03 23:54:08,418 INFO [enhanced_balanced]                Voice.java:257  | Measure{#25P1} Voice{#4 excess:3/4} too long
2025-12-03 23:54:08,418 INFO [enhanced_balanced]                Voice.java:257  | Measure{#25P1} Voice{#5 excess:3/4} too long
2025-12-03 23:54:08,421 INFO [enhanced_balanced]                 Book.java:2550 | Book{enhanced_balanced} storing
2025-12-03 23:54:08,578 INFO [enhanced_balanced]                 Book.java:2531 | Stored /book.xml
2025-12-03 23:54:08,916 INFO [enhanced_balanced]           DataHolder.java:348  | Stored /sheet#1/BINARY.png
2025-12-03 23:54:10,844 INFO [enhanced_balanced]                Sheet.java:1583 | Stored /sheet#1/sheet#1.xml
2025-12-03 23:54:10,845 INFO [enhanced_balanced]                 Book.java:2491 | Book stored as C:\Dev\Balik-Suling-Updated-FreelanceProject-main\backend\omr-out\1764777159404\enhanced_balanced.omr
2025-12-03 23:54:10,874 INFO [enhanced_balanced]            SheetStub.java:1660 | Disposed sheet
2025-12-03 23:54:10,966 INFO [enhanced_balanced]                 Book.java:2018 | End of Stub#1 memory: 31,503,192
2025-12-03 23:54:10,968 INFO [enhanced_balanced]                 Book.java:2025 | Book processed.
2025-12-03 23:54:15,210 INFO [enhanced_balanced]            SheetStub.java:997  | Loaded /sheet#1/sheet#1.xml
2025-12-03 23:54:16,155 INFO [enhanced_balanced]      PartwiseBuilder.java:2661 | Exporting sheet(s): [#1]
2025-12-03 23:54:16,158 INFO [enhanced_balanced]                 Part.java:351  | Sheet#1 System#1 Part#3{ staves[1,2] configs:[5,5]} dummyPart id: 1
2025-12-03 23:54:16,169 INFO [enhanced_balanced]                 Part.java:351  | Sheet#1 System#2 Part#2{ staves[3] configs:[5]} dummyPart id: 1
2025-12-03 23:54:16,179 INFO [enhanced_balanced]                 Part.java:351  | Sheet#1 System#4 Part#2{ staves[6] configs:[5]} dummyPart id: 1
2025-12-03 23:54:16,182 INFO [enhanced_balanced]                 Part.java:351  | Sheet#1 System#6 Part#2{ staves[9] configs:[5]} dummyPart id: 1
2025-12-03 23:54:16,191 INFO [enhanced_balanced]                 Part.java:351  | Sheet#1 System#1 Part#3{ staves[1,2] configs:[5,5]} dummyPart id: 2
2025-12-03 23:54:16,217 INFO [enhanced_balanced]                 Part.java:351  | Sheet#1 System#2 Part#2{ staves[3] configs:[5]} dummyPart id: 3
2025-12-03 23:54:16,218 INFO [enhanced_balanced]                 Part.java:351  | Sheet#1 System#3 Part#1{ staves[4] configs:[5]} dummyPart id: 3
2025-12-03 23:54:16,220 INFO [enhanced_balanced]                 Part.java:351  | Sheet#1 System#4 Part#2{ staves[6] configs:[5]} dummyPart id: 3
2025-12-03 23:54:16,221 INFO [enhanced_balanced]                 Part.java:351  | Sheet#1 System#5 Part#1{ staves[7] configs:[5]} dummyPart id: 3
2025-12-03 23:54:16,222 INFO [enhanced_balanced]                 Part.java:351  | Sheet#1 System#6 Part#2{ staves[9] configs:[5]} dummyPart id: 3
2025-12-03 23:54:16,224 INFO [enhanced_balanced]                 Part.java:351  | Sheet#1 System#7 Part#1{ staves[10] configs:[5]} dummyPart id: 3
2025-12-03 23:54:16,477 INFO [enhanced_balanced]        ScoreExporter.java:164  | Score enhanced_balanced exported to C:\Dev\Balik-Suling-Updated-FreelanceProject-main\backend\omr-out\1764777159404\enhanced_balanced.mxl
2025-12-03 23:54:16,569 INFO [enhanced_balanced]                Score.java:181  | Closing {Score 1}
