2025-11-23 21:17:32,750 INFO [enhanced_allofme]                 Book.java:562  | 1 sheet in C:\Dev\Balik-Suling-Updated-FreelanceProject-main\backend\omr-out\1763903839414\enhanced_allofme.tiff
2025-11-23 21:17:33,054 INFO []                 Book.java:2531 | Stored /book.xml
2025-11-23 21:17:33,055 INFO []                 Book.java:2491 | Book stored as C:\Dev\Balik-Suling-Updated-FreelanceProject-main\backend\omr-out\1763903839414\enhanced_allofme.omr
2025-11-23 21:17:33,063 INFO []                 Book.java:1933 | Book reaching PAGE on sheets:[#1]
2025-11-23 21:17:33,066 INFO [enhanced_allofme]       StepMonitoring.java:98   | LOAD
2025-11-23 21:17:33,295 INFO [enhanced_allofme]            SheetStub.java:1273 | Loaded image #1 2480x3209 from C:\Dev\Balik-Suling-Updated-FreelanceProject-main\backend\omr-out\1763903839414\enhanced_allofme.tiff
2025-11-23 21:17:33,300 INFO [enhanced_allofme]            ImageUtil.java:124  | Converting max RGB to gray
2025-11-23 21:17:33,467 INFO [enhanced_allofme]       StepMonitoring.java:98   | BINARY
2025-11-23 21:17:34,126 INFO [enhanced_allofme]       StepMonitoring.java:98   | SCALE
2025-11-23 21:17:34,160 INFO [enhanced_allofme]         ScaleBuilder.java:241  | Beam  guessed height: 10 -- 0.50 of 21 interline
2025-11-23 21:17:34,162 INFO [enhanced_allofme]         ScaleBuilder.java:264  | Beam measured height: 14 -- 0.50 of [7..21] range at 164% of needed quorum
2025-11-23 21:17:34,162 INFO [enhanced_allofme]            ScaleStep.java:65   | Scale{ interline(20,21,23) line(3,5,7) beam(14)}
2025-11-23 21:17:34,164 INFO [enhanced_allofme]       StepMonitoring.java:98   | GRID
2025-11-23 21:17:35,065 INFO [enhanced_allofme]       LinesRetriever.java:1500 | Global slope: 0.00040
2025-11-23 21:17:35,112 INFO [enhanced_allofme]    ClustersRetriever.java:328  | Retrieved raw line clusters: 10 of sizes [5] with interline(20,21,23)
2025-11-23 21:17:35,686 INFO [enhanced_allofme]            PeakGraph.java:310  | Systems: #1[1, 2] #2[3, 4] #3[5, 6] #4[7, 8] #5[9, 10]
2025-11-23 21:17:36,357 INFO [enhanced_allofme]        SystemManager.java:779  | 1 part along 5 systems
2025-11-23 21:17:36,358 INFO [enhanced_allofme]                 Book.java:545  | Created scores: [{Score 1}]
2025-11-23 21:17:36,360 INFO [enhanced_allofme]       StepMonitoring.java:98   | HEADERS
2025-11-23 21:17:36,719 INFO []      BasicClassifier.java:277  | Classifier loaded XML norms.
2025-11-23 21:17:36,723 INFO []   AbstractClassifier.java:396  | Classifier data loaded from default uri jar:file:/C:/Program%20Files/Audiveris/app/audiveris.jar!/res/basic-classifier.zip
2025-11-23 21:17:38,582 INFO [enhanced_allofme]       StepMonitoring.java:98   | STEM_SEEDS
2025-11-23 21:17:38,674 INFO [enhanced_allofme]        StemSeedsStep.java:86   | stem(6 max:7)
2025-11-23 21:17:38,759 INFO [enhanced_allofme]       StepMonitoring.java:98   | BEAMS
2025-11-23 21:17:42,857 INFO [enhanced_allofme]       StepMonitoring.java:98   | LEDGERS
2025-11-23 21:17:43,033 INFO [enhanced_allofme]       StepMonitoring.java:98   | HEADS
2025-11-23 21:17:48,922 INFO [enhanced_allofme]        HeadSeedTally.java:235  | Scale information: HeadSeeds{NOTEHEAD_VOID[L:-1.2] NOTEHEAD_BLACK[L:-2.1,R:-1.8]}
2025-11-23 21:17:48,923 INFO [enhanced_allofme]       StepMonitoring.java:98   | STEMS
2025-11-23 21:17:50,182 INFO [enhanced_allofme]       StepMonitoring.java:98   | REDUCTION
2025-11-23 21:17:50,386 INFO [enhanced_allofme]        ReductionStep.java:105  | Stems free length median value: 70 pixels, 3.3 interlines
2025-11-23 21:17:50,392 INFO [enhanced_allofme]       StepMonitoring.java:98   | CUE_BEAMS
2025-11-23 21:17:50,393 INFO [enhanced_allofme]         CueBeamsStep.java:81   | Step CUE_BEAMS is skipped because small heads switch is off
2025-11-23 21:17:50,393 INFO [enhanced_allofme]       StepMonitoring.java:98   | TEXTS
2025-11-23 21:17:51,419 INFO [enhanced_allofme]       StepMonitoring.java:98   | MEASURES
2025-11-23 21:17:51,436 INFO [enhanced_allofme]                 Page.java:307  | 28 raw measures: [7 in system#1, 5 in system#2, 5 in system#3, 4 in system#4, 7 in system#5]
2025-11-23 21:17:51,437 INFO [enhanced_allofme]       StepMonitoring.java:98   | CHORDS
2025-11-23 21:17:51,463 INFO [enhanced_allofme]       StepMonitoring.java:98   | CURVES
2025-11-23 21:17:53,114 INFO [enhanced_allofme]         SlursBuilder.java:240  | Slurs: 7
2025-11-23 21:17:53,166 INFO [enhanced_allofme]      SegmentsBuilder.java:155  | Segments: 41
2025-11-23 21:17:53,234 INFO [enhanced_allofme]       StepMonitoring.java:98   | SYMBOLS
2025-11-23 21:17:54,116 INFO [enhanced_allofme]       StepMonitoring.java:98   | LINKS
2025-11-23 21:17:54,208 INFO [enhanced_allofme]       StepMonitoring.java:98   | RHYTHMS
2025-11-23 21:17:54,305 INFO [enhanced_allofme]                Voice.java:257  | Measure{#19} Voice{#7 excess:1/8} too long
2025-11-23 21:17:54,306 INFO [enhanced_allofme]          StackRhythm.java:224  | S4 MeasureStack#19 no correct rhythm
2025-11-23 21:17:54,313 INFO [enhanced_allofme]                Voice.java:257  | Measure{#21} Voice{#7 excess:1/8} too long
2025-11-23 21:17:54,314 INFO [enhanced_allofme]          StackRhythm.java:224  | S4 MeasureStack#21 no correct rhythm
2025-11-23 21:17:54,316 INFO [enhanced_allofme]        MeasureRhythm.java:1045 | Measure{#23} No timeOffset for HeadChordInter#5520{(0.952/0.952) staff:9 slot#4 dur:1/4}
2025-11-23 21:17:54,317 INFO [enhanced_allofme]          StackRhythm.java:224  | S5 MeasureStack#23 no correct rhythm
2025-11-23 21:17:54,321 INFO [enhanced_allofme]        MeasureRhythm.java:1045 | Measure{#25} No timeOffset for HeadChordInter#5525{(0.856/0.856) staff:9 slot#4 dur:1/4}
2025-11-23 21:17:54,322 INFO [enhanced_allofme]          StackRhythm.java:224  | S5 MeasureStack#25 no correct rhythm
2025-11-23 21:17:54,324 INFO [enhanced_allofme]        MeasureRhythm.java:1045 | Measure{#26} No timeOffset for HeadChordInter#5548{(0.957/0.957) staff:10 slot#6 dur:1/4}
2025-11-23 21:17:54,325 INFO [enhanced_allofme]                Voice.java:257  | Measure{#26} Voice{#1 excess:1/4} too long
2025-11-23 21:17:54,327 INFO [enhanced_allofme]          StackRhythm.java:224  | S5 MeasureStack#26 no correct rhythm
2025-11-23 21:17:54,331 INFO [enhanced_allofme]        MeasureRhythm.java:1045 | Measure{#28} No timeOffset for RestChordInter#6121{(0.795/0.795) staff:9 slot#6 dur:1/4}
2025-11-23 21:17:54,331 INFO [enhanced_allofme]          StackRhythm.java:224  | S5 MeasureStack#28 no correct rhythm
2025-11-23 21:17:54,332 INFO [enhanced_allofme]       StepMonitoring.java:98   | PAGE
2025-11-23 21:17:54,336 INFO [enhanced_allofme]       SheetReduction.java:154  | Gutter. Different glyphs 2/3 RestInter#5949{(0.764/0.764) staff:4 QUARTER_REST p:10.6} vs EndingInter#5628{(0.795/0.929) staff:5 ENDING}
2025-11-23 21:17:54,338 INFO [enhanced_allofme]       SheetReduction.java:154  | Gutter. Different glyphs 4/5 WordInter#5281{(0.685/0.685) staff:8 TEXT "I—l" font:46} vs EndingInter#5629{(0.795/0.903) staff:9 ENDING}
2025-11-23 21:17:54,356 INFO [enhanced_allofme]                Voice.java:257  | Measure{#19} Voice{#7 excess:1/8} too long
2025-11-23 21:17:54,357 INFO [enhanced_allofme]                Voice.java:257  | Measure{#21} Voice{#7 excess:1/8} too long
2025-11-23 21:17:54,360 INFO [enhanced_allofme]                 Book.java:2550 | Book{enhanced_allofme} storing
2025-11-23 21:17:54,422 INFO [enhanced_allofme]                 Book.java:2531 | Stored /book.xml
2025-11-23 21:17:54,551 INFO [enhanced_allofme]           DataHolder.java:348  | Stored /sheet#1/BINARY.png
2025-11-23 21:17:55,311 INFO [enhanced_allofme]                Sheet.java:1583 | Stored /sheet#1/sheet#1.xml
2025-11-23 21:17:55,311 INFO [enhanced_allofme]                 Book.java:2491 | Book stored as C:\Dev\Balik-Suling-Updated-FreelanceProject-main\backend\omr-out\1763903839414\enhanced_allofme.omr
2025-11-23 21:17:55,317 INFO [enhanced_allofme]            SheetStub.java:1660 | Disposed sheet
2025-11-23 21:17:55,381 INFO [enhanced_allofme]                 Book.java:2018 | End of Stub#1 memory: 31,503,400
2025-11-23 21:17:55,382 INFO [enhanced_allofme]                 Book.java:2025 | Book processed.
2025-11-23 21:17:56,010 INFO [enhanced_allofme]            SheetStub.java:997  | Loaded /sheet#1/sheet#1.xml
2025-11-23 21:17:56,645 INFO [enhanced_allofme]      PartwiseBuilder.java:2661 | Exporting sheet(s): [#1]
2025-11-23 21:17:56,815 INFO [enhanced_allofme]        ScoreExporter.java:164  | Score enhanced_allofme exported to C:\Dev\Balik-Suling-Updated-FreelanceProject-main\backend\omr-out\1763903839414\enhanced_allofme.mxl
2025-11-23 21:17:56,876 INFO [enhanced_allofme]                Score.java:181  | Closing {Score 1}
